ARM Linker, 4.1 [Build 481] [Standard]

==============================================================================

Section Cross References

    startup_stm32f10x_hd.o(STACK) refers (Special) to heapauxi.o(.text) for __use_two_region_memory
    startup_stm32f10x_hd.o(HEAP) refers (Special) to heapauxi.o(.text) for __use_two_region_memory
    startup_stm32f10x_hd.o(RESET) refers (Special) to heapauxi.o(.text) for __use_two_region_memory
    startup_stm32f10x_hd.o(RESET) refers to startup_stm32f10x_hd.o(.text) for Reset_Handler
    startup_stm32f10x_hd.o(RESET) refers to stm32f10x_it.o(.text) for NMI_Handler
    startup_stm32f10x_hd.o(RESET) refers to tm_stm32f4_rtc.o(.text) for RTC_IRQHandler
    startup_stm32f10x_hd.o(RESET) refers to tm_stm32f4_delay.o(.text) for TIM2_IRQHandler
    startup_stm32f10x_hd.o(RESET) refers to tm_stm32f4_usart.o(.text) for USART1_IRQHandler
    startup_stm32f10x_hd.o(RESET) refers to fatfs_sd_sdio.o(.text) for SDIO_IRQHandler
    startup_stm32f10x_hd.o(.text) refers (Special) to heapauxi.o(.text) for __use_two_region_memory
    startup_stm32f10x_hd.o(.text) refers to startup_stm32f10x_hd.o(STACK) for __initial_sp
    startup_stm32f10x_hd.o(.text) refers to __main.o(!!!main) for __main
    startup_stm32f10x_hd.o(.text) refers to startup_stm32f10x_hd.o(HEAP) for Heap_Mem
    tm_stm32f4_timer_properties.o(.text) refers to stm32f10x_rcc.o(.text) for RCC_GetClocksFreq
    tm_stm32f4_timer_properties.o(.text) refers to dflt_clz.o(x$fpl$dfltu) for __aeabi_ui2d
    tm_stm32f4_timer_properties.o(.text) refers to dleqf.o(x$fpl$dleqf) for __aeabi_cdcmple
    tm_stm32f4_timer_properties.o(.text) refers to deqf.o(x$fpl$deqf) for __aeabi_cdcmpeq
    tm_stm32f4_timer_properties.o(.text) refers to ddiv.o(x$fpl$ddiv) for __aeabi_ddiv
    tm_stm32f4_timer_properties.o(.text) refers to dfixu.o(x$fpl$dfixu) for __aeabi_d2uiz
    tm_stm32f4_delay.o(.text) refers to stm32f10x_tim.o(.text) for TIM_ClearITPendingBit
    tm_stm32f4_delay.o(.text) refers to tm_stm32f4_timer_properties.o(.text) for TM_TIMER_PROPERTIES_GetTimerProperties
    tm_stm32f4_delay.o(.text) refers to misc.o(.text) for NVIC_PriorityGroupConfig
    tm_stm32f4_delay.o(.text) refers to stm32f10x_rcc.o(.text) for RCC_HSEConfig
    tm_stm32f4_delay.o(.text) refers to tm_stm32f4_delay.o(.data) for TM_Time
    tm_stm32f4_delay.o(.text) refers to system_stm32f10x.o(.constdata) for SystemFrequency_SysClk
    tm_stm32f4_ds18b20.o(.text) refers to tm_stm32f4_onewire.o(.text) for TM_OneWire_Reset
    tm_stm32f4_ds18b20.o(.text) refers to fflt_clz.o(x$fpl$fflt) for __aeabi_i2f
    tm_stm32f4_ds18b20.o(.text) refers to fmul.o(x$fpl$fmul) for __aeabi_fmul
    tm_stm32f4_ds18b20.o(.text) refers to faddsub_clz.o(x$fpl$fadd) for __aeabi_fadd
    tm_stm32f4_ds18b20.o(.text) refers to faddsub_clz.o(x$fpl$fsub) for __aeabi_fsub
    tm_stm32f4_onewire.o(.text) refers to tm_stm32f4_delay.o(.text) for TM_DELAY_Init
    tm_stm32f4_onewire.o(.text) refers to stm32f10x_rcc.o(.text) for RCC_APB2PeriphClockCmd
    tm_stm32f4_onewire.o(.text) refers to stm32f10x_gpio.o(.text) for GPIO_Init
    tm_stm32f4_onewire.o(.text) refers to tm_stm32f4_onewire.o(.data) for OGIS
    tm_stm32f4_am2301.o(.text) refers to stm32f10x_rcc.o(.text) for RCC_APB2PeriphClockCmd
    tm_stm32f4_am2301.o(.text) refers to stm32f10x_gpio.o(.text) for GPIO_Init
    tm_stm32f4_am2301.o(.text) refers to tm_stm32f4_delay.o(.text) for TM_DELAY_Init
    tm_stm32f4_am2301.o(.text) refers to tm_stm32f4_am2301.o(.data) for AM2301_GPIO_InitStruct
    tm_stm32f4_rtc.o(.text) refers to rt_memcpy_w.o(.text) for __aeabi_memcpy4
    tm_stm32f4_rtc.o(.text) refers to stm32f10x_rtc.o(.text) for RTC_WaitForLastTask
    tm_stm32f4_rtc.o(.text) refers to stm32f10x_bkp.o(.text) for BKP_WriteBackupRegister
    tm_stm32f4_rtc.o(.text) refers to stm32f10x_rcc.o(.text) for RCC_LSICmd
    tm_stm32f4_rtc.o(.text) refers to stm32f10x_pwr.o(.text) for PWR_BackupAccessCmd
    tm_stm32f4_rtc.o(.text) refers to stm32f10x_exti.o(.text) for EXTI_ClearITPendingBit
    tm_stm32f4_rtc.o(.text) refers to tm_stm32f4_rtc.o(.constdata) for .constdata
    tm_stm32f4_rtc.o(.text) refers to tm_stm32f4_rtc.o(.data) for TM_RTC_Status
    tm_stm32f4_rtc.o(.text) refers to misc.o(.text) for NVIC_Init
    tm_stm32f4_rtc.o(.text) refers (Weak) to realmain.o(.text) for TM_RTC_RequestHandler
    tm_stm32f4_gpio.o(.text) refers to stm32f10x_rcc.o(.text) for RCC_APB2PeriphClockCmd
    tm_stm32f4_gpio.o(.text) refers to stm32f10x_gpio.o(.text) for GPIO_Init
    tm_stm32f4_gpio.o(.text) refers to tm_stm32f4_gpio.o(.data) for GPIO_InitStruct
    tm_stm32f4_usart.o(.text) refers to stm32f10x_rcc.o(.text) for RCC_APB1PeriphClockCmd
    tm_stm32f4_usart.o(.text) refers to tm_stm32f4_gpio.o(.text) for TM_GPIO_Init
    tm_stm32f4_usart.o(.text) refers to stm32f10x_usart.o(.text) for USART_Cmd
    tm_stm32f4_usart.o(.text) refers to misc.o(.text) for NVIC_Init
[...]
    TIM7_IRQHandler                          0x0800025f   Thumb Code     0  startup_stm32f10x_hd.o(.text)
    TIM8_BRK_IRQHandler                      0x0800025f   Thumb Code     0  startup_stm32f10x_hd.o(.text)
    TIM8_CC_IRQHandler                       0x0800025f   Thumb Code     0  startup_stm32f10x_hd.o(.text)
    TIM8_TRG_COM_IRQHandler                  0x0800025f   Thumb Code     0  startup_stm32f10x_hd.o(.text)
    TIM8_UP_IRQHandler                       0x0800025f   Thumb Code     0  startup_stm32f10x_hd.o(.text)
    USBWakeUp_IRQHandler                     0x0800025f   Thumb Code     0  startup_stm32f10x_hd.o(.text)
    USB_HP_CAN1_TX_IRQHandler                0x0800025f   Thumb Code     0  startup_stm32f10x_hd.o(.text)
    USB_LP_CAN1_RX0_IRQHandler               0x0800025f   Thumb Code     0  startup_stm32f10x_hd.o(.text)
    WWDG_IRQHandler                          0x0800025f   Thumb Code     0  startup_stm32f10x_hd.o(.text)
    __user_initial_stackheap                 0x08000261   Thumb Code     0  startup_stm32f10x_hd.o(.text)
    NMI_Handler                              0x08000285   Thumb Code     2  stm32f10x_it.o(.text)
    HardFault_Handler                        0x08000287   Thumb Code     4  stm32f10x_it.o(.text)
    MemManage_Handler                        0x0800028b   Thumb Code     4  stm32f10x_it.o(.text)
    BusFault_Handler                         0x0800028f   Thumb Code     4  stm32f10x_it.o(.text)
    UsageFault_Handler                       0x08000293   Thumb Code     4  stm32f10x_it.o(.text)
    SVC_Handler                              0x08000297   Thumb Code     2  stm32f10x_it.o(.text)
    DebugMon_Handler                         0x08000299   Thumb Code     2  stm32f10x_it.o(.text)
    PendSV_Handler                           0x0800029b   Thumb Code     2  stm32f10x_it.o(.text)
    SysTick_Handler                          0x0800029d   Thumb Code     2  stm32f10x_it.o(.text)
    fputc                                    0x080002a1   Thumb Code    30  debug_uart.o(.text)
    TM_TIMER_PROPERTIES_GetTimerProperties   0x080002c5   Thumb Code    96  tm_stm32f4_timer_properties.o(.text)
    TM_TIMER_PROPERTIES_GenerateDataForWorkingFrequency 0x08000325   Thumb Code   240  tm_stm32f4_timer_properties.o(.text)
    TM_TIMER_PROPERTIES_EnableClock          0x08000415   Thumb Code   134  tm_stm32f4_timer_properties.o(.text)
    TM_TIMER_PROPERTIES_DisableClock         0x0800049b   Thumb Code   134  tm_stm32f4_timer_properties.o(.text)
    TIM2_IRQHandler                          0x0800053d   Thumb Code    42  tm_stm32f4_delay.o(.text)
    TM_DELAY_INT_InitTIM                     0x08000567   Thumb Code   188  tm_stm32f4_delay.o(.text)
    TM_DELAY_Init                            0x08000623   Thumb Code    42  tm_stm32f4_delay.o(.text)
    TM_DELAY_EnableDelayTimer                0x0800064d   Thumb Code    22  tm_stm32f4_delay.o(.text)
    TM_DELAY_DisableDelayTimer               0x08000663   Thumb Code    14  tm_stm32f4_delay.o(.text)
    TM_DS18B20_Is                            0x08000689   Thumb Code    16  tm_stm32f4_ds18b20.o(.text)
    TM_DS18B20_Start                         0x08000699   Thumb Code    44  tm_stm32f4_ds18b20.o(.text)
    TM_DS18B20_StartAll                      0x080006c5   Thumb Code    28  tm_stm32f4_ds18b20.o(.text)
    TM_DS18B20_Read                          0x080006e1   Thumb Code   332  tm_stm32f4_ds18b20.o(.text)
    TM_DS18B20_GetResolution                 0x0800082d   Thumb Code    80  tm_stm32f4_ds18b20.o(.text)
    TM_DS18B20_SetResolution                 0x0800087d   Thumb Code   208  tm_stm32f4_ds18b20.o(.text)
    TM_DS18B20_SetAlarmLowTemperature        0x0800094d   Thumb Code   172  tm_stm32f4_ds18b20.o(.text)
    TM_DS18B20_SetAlarmHighTemperature       0x080009f9   Thumb Code   172  tm_stm32f4_ds18b20.o(.text)
    TM_DS18B20_DisableAlarmTemperature       0x08000aa5   Thumb Code   156  tm_stm32f4_ds18b20.o(.text)
    TM_DS18B20_AlarmSearch                   0x08000b41   Thumb Code    14  tm_stm32f4_ds18b20.o(.text)
    TM_DS18B20_AllDone                       0x08000b4f   Thumb Code    12  tm_stm32f4_ds18b20.o(.text)
    TM_OneWire_Init                          0x08000b83   Thumb Code    52  tm_stm32f4_onewire.o(.text)
    TM_OneWire_Reset                         0x08000bb7   Thumb Code    78  tm_stm32f4_onewire.o(.text)
    TM_OneWire_ReadBit                       0x08000c05   Thumb Code    78  tm_stm32f4_onewire.o(.text)
    TM_OneWire_ReadByte                      0x08000c53   Thumb Code    38  tm_stm32f4_onewire.o(.text)
    TM_OneWire_WriteBit                      0x08000c79   Thumb Code    76  tm_stm32f4_onewire.o(.text)
    TM_OneWire_WriteByte                     0x08000cc5   Thumb Code    34  tm_stm32f4_onewire.o(.text)
    TM_OneWire_Search                        0x08000ce7   Thumb Code   268  tm_stm32f4_onewire.o(.text)
    TM_OneWire_ResetSearch                   0x08000df3   Thumb Code    10  tm_stm32f4_onewire.o(.text)
    TM_OneWire_First                         0x08000dfd   Thumb Code    20  tm_stm32f4_onewire.o(.text)
    TM_OneWire_Next                          0x08000e11   Thumb Code    14  tm_stm32f4_onewire.o(.text)
    TM_OneWire_Verify                        0x08000e1f   Thumb Code   124  tm_stm32f4_onewire.o(.text)
    TM_OneWire_TargetSetup                   0x08000e9b   Thumb Code    38  tm_stm32f4_onewire.o(.text)
    TM_OneWire_FamilySkipSetup               0x08000ec1   Thumb Code    18  tm_stm32f4_onewire.o(.text)
    TM_OneWire_GetROM                        0x08000ed3   Thumb Code    10  tm_stm32f4_onewire.o(.text)
    TM_OneWire_Select                        0x08000edd   Thumb Code    36  tm_stm32f4_onewire.o(.text)
    TM_OneWire_SelectWithPointer             0x08000f01   Thumb Code    36  tm_stm32f4_onewire.o(.text)
    TM_OneWire_GetFullROM                    0x08000f25   Thumb Code    24  tm_stm32f4_onewire.o(.text)
    TM_OneWire_CRC8                          0x08000f3d   Thumb Code    56  tm_stm32f4_onewire.o(.text)
    TM_AM2301_INT_InitPins                   0x08000f9b   Thumb Code    46  tm_stm32f4_am2301.o(.text)
    TM_AM2301_Init                           0x08000fc9   Thumb Code    14  tm_stm32f4_am2301.o(.text)
    TM_AM2301_INT_Read                       0x08000fd7   Thumb Code   404  tm_stm32f4_am2301.o(.text)
    TM_AM2301_Read                           0x0800116b   Thumb Code    12  tm_stm32f4_am2301.o(.text)
    mktimev                                  0x08001189   Thumb Code   120  tm_stm32f4_rtc.o(.text)
    GregorianDay                             0x08001201   Thumb Code   146  tm_stm32f4_rtc.o(.text)
    TM_RTC_SetDateTime                       0x08001293   Thumb Code    50  tm_stm32f4_rtc.o(.text)
    TM_RTC_Config                            0x080012c5   Thumb Code    86  tm_stm32f4_rtc.o(.text)
    to_tm                                    0x0800131b   Thumb Code   194  tm_stm32f4_rtc.o(.text)
    TM_RTC_GetDateTime                       0x080013dd   Thumb Code    20  tm_stm32f4_rtc.o(.text)
    TM_RTC_Init                              0x080013f1   Thumb Code   192  tm_stm32f4_rtc.o(.text)
    TM_RTC_SetDateTimeString                 0x080014b1   Thumb Code   292  tm_stm32f4_rtc.o(.text)
    TM_RTC_GetDaysInMonth                    0x080015d5   Thumb Code    86  tm_stm32f4_rtc.o(.text)
    TM_RTC_GetDaysInYear                     0x0800162b   Thumb Code    70  tm_stm32f4_rtc.o(.text)
    TM_RTC_Interrupts                        0x08001671   Thumb Code   210  tm_stm32f4_rtc.o(.text)
    TM_RTC_DisableAlarm                      0x08001743   Thumb Code   116  tm_stm32f4_rtc.o(.text)
    TM_RTC_SetAlarm                          0x080017b7   Thumb Code    96  tm_stm32f4_rtc.o(.text)
    RTC_IRQHandler                           0x08001817   Thumb Code    30  tm_stm32f4_rtc.o(.text)
    RTCAlarm_IRQHandler                      0x08001835   Thumb Code    30  tm_stm32f4_rtc.o(.text)
    TM_GPIO_INT_EnableClock                  0x08001871   Thumb Code   116  tm_stm32f4_gpio.o(.text)
    TM_GPIO_Init                             0x080018e5   Thumb Code    44  tm_stm32f4_gpio.o(.text)
    TM_GPIO_INT_DisableClock                 0x08001911   Thumb Code   116  tm_stm32f4_gpio.o(.text)
    TM_USART_INT_GetSubPriority              0x080019a5   Thumb Code    44  tm_stm32f4_usart.o(.text)
    TM_UART5_InitPins                        0x080019d1   Thumb Code     2  tm_stm32f4_usart.o(.text)
    TM_UART4_InitPins                        0x080019d3   Thumb Code     2  tm_stm32f4_usart.o(.text)
    TM_USART3_InitPins                       0x080019d5   Thumb Code     2  tm_stm32f4_usart.o(.text)
    TM_USART2_InitPins                       0x080019d7   Thumb Code    46  tm_stm32f4_usart.o(.text)
    TM_USART1_InitPins                       0x08001a05   Thumb Code    60  tm_stm32f4_usart.o(.text)
    TM_USART_INT_GetUsart                    0x08001a41   Thumb Code    44  tm_stm32f4_usart.o(.text)
    TM_USART_Init                            0x08001a6d   Thumb Code   318  tm_stm32f4_usart.o(.text)
    TM_USART_Getc                            0x08001bab   Thumb Code    56  tm_stm32f4_usart.o(.text)
    TM_USART_BufferFull                      0x08001be3   Thumb Code    30  tm_stm32f4_usart.o(.text)
    TM_USART_FindCharacter                   0x08001c01   Thumb Code    56  tm_stm32f4_usart.o(.text)
    TM_USART_BufferEmpty                     0x08001c39   Thumb Code    26  tm_stm32f4_usart.o(.text)
    TM_USART_Gets                            0x08001c53   Thumb Code    82  tm_stm32f4_usart.o(.text)
    TM_USART_ClearBuffer                     0x08001ca5   Thumb Code    22  tm_stm32f4_usart.o(.text)
    TM_USART_Putc                            0x08001cbb   Thumb Code    36  tm_stm32f4_usart.o(.text)
    TM_USART_Puts                            0x08001cdf   Thumb Code    42  tm_stm32f4_usart.o(.text)
    TM_USART_INT_InsertToBuffer              0x08001d09   Thumb Code    40  tm_stm32f4_usart.o(.text)
    USART1_IRQHandler                        0x08001d31   Thumb Code    28  tm_stm32f4_usart.o(.text)
    USART2_IRQHandler                        0x08001d4d   Thumb Code    28  tm_stm32f4_usart.o(.text)
    USART3_IRQHandler                        0x08001d69   Thumb Code     2  tm_stm32f4_usart.o(.text)
    UART4_IRQHandler                         0x08001d6b   Thumb Code     2  tm_stm32f4_usart.o(.text)
    UART5_IRQHandler                         0x08001d6d   Thumb Code     2  tm_stm32f4_usart.o(.text)
    TM_ADC_InitADC                           0x08001dad   Thumb Code   176  tm_stm32f4_adc.o(.text)
    TM_ADC_INT_InitPin                       0x08001e5d   Thumb Code    20  tm_stm32f4_adc.o(.text)
    TM_ADC_INT_Channel_15_Init               0x08001e71   Thumb Code    42  tm_stm32f4_adc.o(.text)
    TM_ADC_INT_Channel_14_Init               0x08001e9b   Thumb Code    42  tm_stm32f4_adc.o(.text)
    TM_ADC_INT_Channel_13_Init               0x08001ec5   Thumb Code    14  tm_stm32f4_adc.o(.text)
    TM_ADC_INT_Channel_12_Init               0x08001ed3   Thumb Code    14  tm_stm32f4_adc.o(.text)
    TM_ADC_INT_Channel_11_Init               0x08001ee1   Thumb Code    14  tm_stm32f4_adc.o(.text)
    TM_ADC_INT_Channel_10_Init               0x08001eef   Thumb Code    14  tm_stm32f4_adc.o(.text)
    TM_ADC_INT_Channel_9_Init                0x08001efd   Thumb Code    42  tm_stm32f4_adc.o(.text)
    TM_ADC_INT_Channel_8_Init                0x08001f27   Thumb Code    42  tm_stm32f4_adc.o(.text)
    TM_ADC_INT_Channel_7_Init                0x08001f51   Thumb Code    42  tm_stm32f4_adc.o(.text)
    TM_ADC_INT_Channel_6_Init                0x08001f7b   Thumb Code    42  tm_stm32f4_adc.o(.text)
    TM_ADC_INT_Channel_5_Init                0x08001fa5   Thumb Code    42  tm_stm32f4_adc.o(.text)
    TM_ADC_INT_Channel_4_Init                0x08001fcf   Thumb Code    42  tm_stm32f4_adc.o(.text)
    TM_ADC_INT_Channel_3_Init                0x08001ff9   Thumb Code    14  tm_stm32f4_adc.o(.text)
    TM_ADC_INT_Channel_2_Init                0x08002007   Thumb Code    14  tm_stm32f4_adc.o(.text)
    TM_ADC_INT_Channel_1_Init                0x08002015   Thumb Code    14  tm_stm32f4_adc.o(.text)
    TM_ADC_INT_Channel_0_Init                0x08002023   Thumb Code    14  tm_stm32f4_adc.o(.text)
    TM_ADC_Init                              0x08002031   Thumb Code   204  tm_stm32f4_adc.o(.text)
    TM_ADC_Read                              0x080020fd   Thumb Code    48  tm_stm32f4_adc.o(.text)
    TM_ADC_EnableVbat                        0x0800212d   Thumb Code     2  tm_stm32f4_adc.o(.text)
    TM_ADC_DisableVbat                       0x0800212f   Thumb Code     2  tm_stm32f4_adc.o(.text)
    TM_ADC_ReadVbat                          0x08002131   Thumb Code     6  tm_stm32f4_adc.o(.text)
    TM_FATFS_SDIO_WriteEnabled               0x08002155   Thumb Code     4  fatfs_sd_sdio.o(.text)
    SD_EnableWideBusOperation                0x0800250f   Thumb Code   164  fatfs_sd_sdio.o(.text)
    SD_SelectDeselect                        0x080025b3   Thumb Code    58  fatfs_sd_sdio.o(.text)
    SD_GetCardInfo                           0x080025ed   Thumb Code   840  fatfs_sd_sdio.o(.text)
    SD_InitializeCards                       0x08002a2d   Thumb Code   294  fatfs_sd_sdio.o(.text)
    SD_PowerON                               0x08002bf9   Thumb Code   376  fatfs_sd_sdio.o(.text)
    SD_Init                                  0x08002d71   Thumb Code   132  fatfs_sd_sdio.o(.text)
    SD_LowLevel_Init                         0x08002df5   Thumb Code    92  fatfs_sd_sdio.o(.text)
    SD_LowLevel_DeInit                       0x08002e51   Thumb Code    90  fatfs_sd_sdio.o(.text)
    TM_FATFS_SD_SDIO_disk_initialize         0x08002eab   Thumb Code   134  fatfs_sd_sdio.o(.text)
    SD_Detect                                0x08002f31   Thumb Code     4  fatfs_sd_sdio.o(.text)
    TM_FATFS_SD_SDIO_disk_status             0x08002f35   Thumb Code    52  fatfs_sd_sdio.o(.text)
    SD_SendStatus                            0x08002f69   Thumb Code    74  fatfs_sd_sdio.o(.text)
    SD_GetState                              0x08002fb3   Thumb Code    38  fatfs_sd_sdio.o(.text)
    SD_GetStatus                             0x08002fd9   Thumb Code    30  fatfs_sd_sdio.o(.text)
    SD_StopTransfer                          0x08002ff7   Thumb Code    46  fatfs_sd_sdio.o(.text)
    SD_WaitReadOperation                     0x08003025   Thumb Code   108  fatfs_sd_sdio.o(.text)
    SD_LowLevel_DMA_RxConfig                 0x08003091   Thumb Code   104  fatfs_sd_sdio.o(.text)
    SD_ReadMultiBlocks                       0x080030f9   Thumb Code   294  fatfs_sd_sdio.o(.text)
    SD_ReadBlock                             0x0800321f   Thumb Code   214  fatfs_sd_sdio.o(.text)
    TM_FATFS_SD_SDIO_disk_read               0x080032f5   Thumb Code    94  fatfs_sd_sdio.o(.text)
    SD_WaitWriteOperation                    0x08003353   Thumb Code   108  fatfs_sd_sdio.o(.text)
    SD_LowLevel_DMA_TxConfig                 0x080033bf   Thumb Code   104  fatfs_sd_sdio.o(.text)
    SD_WriteMultiBlocks                      0x08003427   Thumb Code   370  fatfs_sd_sdio.o(.text)
    SD_WriteBlock                            0x08003599   Thumb Code   312  fatfs_sd_sdio.o(.text)
    TM_FATFS_SD_SDIO_disk_write              0x080036d1   Thumb Code    90  fatfs_sd_sdio.o(.text)
    TM_FATFS_SD_SDIO_disk_ioctl              0x0800372b   Thumb Code    42  fatfs_sd_sdio.o(.text)
    SD_ProcessIRQSrc                         0x08003755   Thumb Code   162  fatfs_sd_sdio.o(.text)
    SDIO_IRQHandler                          0x080037f7   Thumb Code     8  fatfs_sd_sdio.o(.text)
    SD_ProcessDMAIRQ                         0x080037ff   Thumb Code    24  fatfs_sd_sdio.o(.text)
    DMA2_Channel4_5_IRQHandler               0x08003817   Thumb Code     8  fatfs_sd_sdio.o(.text)
    SD_DeInit                                0x0800381f   Thumb Code     8  fatfs_sd_sdio.o(.text)
    SD_PowerOFF                              0x08003827   Thumb Code    14  fatfs_sd_sdio.o(.text)
    SD_SendSDStatus                          0x08003835   Thumb Code   366  fatfs_sd_sdio.o(.text)
    SD_GetCardStatus                         0x080039a3   Thumb Code   200  fatfs_sd_sdio.o(.text)
    SD_GetTransferState                      0x08003a6b   Thumb Code    18  fatfs_sd_sdio.o(.text)
    SD_Erase                                 0x08003bd3   Thumb Code   362  fatfs_sd_sdio.o(.text)
    convert_from_bytes_to_power_of_two       0x08003d3d   Thumb Code    18  fatfs_sd_sdio.o(.text)
    SD_HighSpeed                             0x08003d4f   Thumb Code   454  fatfs_sd_sdio.o(.text)
    stw_timer_stats                          0x08003f73   Thumb Code   100  stw_timer.o(.text)
    stw_timer_running                        0x08003fd7   Thumb Code    20  stw_timer.o(.text)
    stw_timer_prepare                        0x08003feb   Thumb Code    10  stw_timer.o(.text)
    stw_timer_start                          0x08003ff5   Thumb Code   116  stw_timer.o(.text)
    stw_timer_stop                           0x08004069   Thumb Code    64  stw_timer.o(.text)
    stw_timer_tick                           0x080040a9   Thumb Code   142  stw_timer.o(.text)
    stw_timer_destroy                        0x08004137   Thumb Code    66  stw_timer.o(.text)
    stw_timer_create                         0x08004179   Thumb Code   144  stw_timer.o(.text)
    stw_system_timer_prepare                 0x080042f5   Thumb Code    12  stw_system_timer.o(.text)
    stw_system_timer_stats                   0x08004301   Thumb Code    12  stw_system_timer.o(.text)
    stw_system_timer_running                 0x0800430d   Thumb Code    12  stw_system_timer.o(.text)
    stw_system_timer_start                   0x08004319   Thumb Code    38  stw_system_timer.o(.text)
    stw_system_timer_stop                    0x0800433f   Thumb Code    16  stw_system_timer.o(.text)
    stw_system_timer_tick                    0x0800434f   Thumb Code    18  stw_system_timer.o(.text)
    stw_system_timer_destroy                 0x08004361   Thumb Code    12  stw_system_timer.o(.text)
    stw_system_timer_create                  0x0800436d   Thumb Code    22  stw_system_timer.o(.text)
    CAS                                      0x08004389   Thumb Code    26  ipc.o(.text)
    Insert                                   0x080043a3   Thumb Code    42  ipc.o(.text)
    InsertAt                                 0x080043cd   Thumb Code    30  ipc.o(.text)
    Delete                                   0x080043eb   Thumb Code    54  ipc.o(.text)
    FindFreeSlot                             0x08004421   Thumb Code    88  ipc.o(.text)
    FindFreeSlotAll                          0x08004479   Thumb Code    28  ipc.o(.text)
    send_a_cmd                               0x08004495   Thumb Code    42  ipc.o(.text)
    get_a_cmd                                0x080044bf   Thumb Code    16  ipc.o(.text)
    rtc_get                                  0x080044d5   Thumb Code    14  resources.o(.text)
    rtc_set                                  0x080044e3   Thumb Code    14  resources.o(.text)
    tmp_get                                  0x080044f1   Thumb Code   476  resources.o(.text)
    airhumd_get                              0x080046cd   Thumb Code   106  resources.o(.text)
    soilhumd_get                             0x08004737   Thumb Code    68  resources.o(.text)
    rear_growlight_get                       0x0800477b   Thumb Code    60  resources.o(.text)
    rear_growlight_set                       0x080047b7   Thumb Code    94  resources.o(.text)
    rear_warmlight_get                       0x08004815   Thumb Code    60  resources.o(.text)
    rear_warmlight_set                       0x08004851   Thumb Code    94  resources.o(.text)
    light_get                                0x080048af   Thumb Code   298  resources.o(.text)
    pumpA_get                                0x080049d9   Thumb Code    60  resources.o(.text)
    pumpA_set                                0x08004a15   Thumb Code    98  resources.o(.text)
    pumpB_get                                0x08004a77   Thumb Code    64  resources.o(.text)
    pumpB_set                                0x08004ab7   Thumb Code    82  resources.o(.text)
    TM_RTC_RequestHandler                    0x08004b21   Thumb Code     8  realmain.o(.text)
    tmp_timer_handler                        0x08004b91   Thumb Code   178  realmain.o(.text)
    main                                     0x08004d33   Thumb Code   174  realmain.o(.text)
    GPIO_DeInit                              0x08004e4d   Thumb Code   188  stm32f10x_gpio.o(.text)
    GPIO_AFIODeInit                          0x08004f09   Thumb Code    20  stm32f10x_gpio.o(.text)
    GPIO_Init                                0x08004f1d   Thumb Code   274  stm32f10x_gpio.o(.text)
    GPIO_StructInit                          0x0800502f   Thumb Code    16  stm32f10x_gpio.o(.text)
    GPIO_ReadInputDataBit                    0x0800503f   Thumb Code    18  stm32f10x_gpio.o(.text)
    GPIO_ReadInputData                       0x08005051   Thumb Code     8  stm32f10x_gpio.o(.text)
    GPIO_ReadOutputDataBit                   0x08005059   Thumb Code    18  stm32f10x_gpio.o(.text)
    GPIO_ReadOutputData                      0x0800506b   Thumb Code     8  stm32f10x_gpio.o(.text)
    GPIO_SetBits                             0x08005073   Thumb Code     4  stm32f10x_gpio.o(.text)
    GPIO_ResetBits                           0x08005077   Thumb Code     4  stm32f10x_gpio.o(.text)
    GPIO_WriteBit                            0x0800507b   Thumb Code    10  stm32f10x_gpio.o(.text)
    GPIO_Write                               0x08005085   Thumb Code     4  stm32f10x_gpio.o(.text)
    GPIO_PinLockConfig                       0x08005089   Thumb Code    18  stm32f10x_gpio.o(.text)
    GPIO_EventOutputConfig                   0x0800509b   Thumb Code    26  stm32f10x_gpio.o(.text)
    GPIO_EventOutputCmd                      0x080050b5   Thumb Code     6  stm32f10x_gpio.o(.text)
    GPIO_PinRemapConfig                      0x080050bb   Thumb Code   106  stm32f10x_gpio.o(.text)
    GPIO_EXTILineConfig                      0x08005125   Thumb Code    66  stm32f10x_gpio.o(.text)
    RCC_DeInit                               0x08005179   Thumb Code    62  stm32f10x_rcc.o(.text)
    RCC_HSEConfig                            0x080051b7   Thumb Code    70  stm32f10x_rcc.o(.text)
    RCC_GetFlagStatus                        0x080051fd   Thumb Code    56  stm32f10x_rcc.o(.text)
    RCC_WaitForHSEStartUp                    0x08005235   Thumb Code    46  stm32f10x_rcc.o(.text)
    RCC_AdjustHSICalibrationValue            0x08005263   Thumb Code    20  stm32f10x_rcc.o(.text)
    RCC_HSICmd                               0x08005277   Thumb Code     6  stm32f10x_rcc.o(.text)
    RCC_PLLConfig                            0x0800527d   Thumb Code    24  stm32f10x_rcc.o(.text)
    RCC_PLLCmd                               0x08005295   Thumb Code     6  stm32f10x_rcc.o(.text)
    RCC_SYSCLKConfig                         0x0800529b   Thumb Code    18  stm32f10x_rcc.o(.text)
    RCC_GetSYSCLKSource                      0x080052ad   Thumb Code    10  stm32f10x_rcc.o(.text)
    RCC_HCLKConfig                           0x080052b7   Thumb Code    18  stm32f10x_rcc.o(.text)
    RCC_PCLK1Config                          0x080052c9   Thumb Code    18  stm32f10x_rcc.o(.text)
    RCC_PCLK2Config                          0x080052db   Thumb Code    20  stm32f10x_rcc.o(.text)
    RCC_ITConfig                             0x080052ef   Thumb Code    30  stm32f10x_rcc.o(.text)
    RCC_USBCLKConfig                         0x0800530d   Thumb Code     6  stm32f10x_rcc.o(.text)
    RCC_ADCCLKConfig                         0x08005313   Thumb Code    18  stm32f10x_rcc.o(.text)
    RCC_LSEConfig                            0x08005325   Thumb Code    44  stm32f10x_rcc.o(.text)
    RCC_LSICmd                               0x08005351   Thumb Code     6  stm32f10x_rcc.o(.text)
    RCC_RTCCLKConfig                         0x08005357   Thumb Code    12  stm32f10x_rcc.o(.text)
    RCC_RTCCLKCmd                            0x08005363   Thumb Code     6  stm32f10x_rcc.o(.text)
    RCC_GetClocksFreq                        0x08005369   Thumb Code   192  stm32f10x_rcc.o(.text)
    RCC_AHBPeriphClockCmd                    0x08005429   Thumb Code    26  stm32f10x_rcc.o(.text)
    RCC_APB2PeriphClockCmd                   0x08005443   Thumb Code    26  stm32f10x_rcc.o(.text)
    RCC_APB1PeriphClockCmd                   0x0800545d   Thumb Code    26  stm32f10x_rcc.o(.text)
    RCC_APB2PeriphResetCmd                   0x08005477   Thumb Code    26  stm32f10x_rcc.o(.text)
    RCC_APB1PeriphResetCmd                   0x08005491   Thumb Code    26  stm32f10x_rcc.o(.text)
    RCC_BackupResetCmd                       0x080054ab   Thumb Code     6  stm32f10x_rcc.o(.text)
    RCC_ClockSecuritySystemCmd               0x080054b1   Thumb Code     6  stm32f10x_rcc.o(.text)
    RCC_MCOConfig                            0x080054b7   Thumb Code     6  stm32f10x_rcc.o(.text)
    RCC_ClearFlag                            0x080054bd   Thumb Code    14  stm32f10x_rcc.o(.text)
    RCC_GetITStatus                          0x080054cb   Thumb Code    20  stm32f10x_rcc.o(.text)
    RCC_ClearITPendingBit                    0x080054df   Thumb Code     6  stm32f10x_rcc.o(.text)
    ADC_DeInit                               0x08005519   Thumb Code    90  stm32f10x_adc.o(.text)
    ADC_Init                                 0x08005573   Thumb Code    70  stm32f10x_adc.o(.text)
    ADC_StructInit                           0x080055b9   Thumb Code    18  stm32f10x_adc.o(.text)
    ADC_Cmd                                  0x080055cb   Thumb Code    22  stm32f10x_adc.o(.text)
    ADC_DMACmd                               0x080055e1   Thumb Code    22  stm32f10x_adc.o(.text)
    ADC_ITConfig                             0x080055f7   Thumb Code    24  stm32f10x_adc.o(.text)
    ADC_ResetCalibration                     0x0800560f   Thumb Code    10  stm32f10x_adc.o(.text)
    ADC_GetResetCalibrationStatus            0x08005619   Thumb Code    20  stm32f10x_adc.o(.text)
    ADC_StartCalibration                     0x0800562d   Thumb Code    10  stm32f10x_adc.o(.text)
    ADC_GetCalibrationStatus                 0x08005637   Thumb Code    20  stm32f10x_adc.o(.text)
    ADC_SoftwareStartConvCmd                 0x0800564b   Thumb Code    22  stm32f10x_adc.o(.text)
    ADC_GetSoftwareStartConvStatus           0x08005661   Thumb Code    20  stm32f10x_adc.o(.text)
    ADC_DiscModeChannelCountConfig           0x08005675   Thumb Code    24  stm32f10x_adc.o(.text)
    ADC_DiscModeCmd                          0x0800568d   Thumb Code    22  stm32f10x_adc.o(.text)
    ADC_RegularChannelConfig                 0x080056a3   Thumb Code   184  stm32f10x_adc.o(.text)
    ADC_ExternalTrigConvCmd                  0x0800575b   Thumb Code    22  stm32f10x_adc.o(.text)
    ADC_GetConversionValue                   0x08005771   Thumb Code     8  stm32f10x_adc.o(.text)
    ADC_GetDualModeConversionValue           0x08005779   Thumb Code     6  stm32f10x_adc.o(.text)
    ADC_AutoInjectedConvCmd                  0x0800577f   Thumb Code    22  stm32f10x_adc.o(.text)
    ADC_InjectedDiscModeCmd                  0x08005795   Thumb Code    22  stm32f10x_adc.o(.text)
    ADC_ExternalTrigInjectedConvConfig       0x080057ab   Thumb Code    16  stm32f10x_adc.o(.text)
    ADC_ExternalTrigInjectedConvCmd          0x080057bb   Thumb Code    22  stm32f10x_adc.o(.text)
    ADC_SoftwareStartInjectedConvCmd         0x080057d1   Thumb Code    22  stm32f10x_adc.o(.text)
    ADC_GetSoftwareStartInjectedConvCmdStatus 0x080057e7   Thumb Code    20  stm32f10x_adc.o(.text)
    ADC_InjectedChannelConfig                0x080057fb   Thumb Code   130  stm32f10x_adc.o(.text)
    ADC_InjectedSequencerLengthConfig        0x0800587d   Thumb Code    24  stm32f10x_adc.o(.text)
    ADC_SetInjectedOffset                    0x08005895   Thumb Code     4  stm32f10x_adc.o(.text)
    ADC_GetInjectedConversionValue           0x08005899   Thumb Code    10  stm32f10x_adc.o(.text)
    ADC_AnalogWatchdogCmd                    0x080058a3   Thumb Code    16  stm32f10x_adc.o(.text)
    ADC_AnalogWatchdogThresholdsConfig       0x080058b3   Thumb Code     6  stm32f10x_adc.o(.text)
    ADC_AnalogWatchdogSingleChannelConfig    0x080058b9   Thumb Code    16  stm32f10x_adc.o(.text)
    ADC_TempSensorVrefintCmd                 0x080058c9   Thumb Code    34  stm32f10x_adc.o(.text)
    ADC_GetFlagStatus                        0x080058eb   Thumb Code    46  stm32f10x_adc.o(.text)
    ADC_ClearFlag                            0x08005919   Thumb Code     6  stm32f10x_adc.o(.text)
    ADC_GetITStatus                          0x0800591f   Thumb Code    36  stm32f10x_adc.o(.text)
    ADC_ClearITPendingBit                    0x08005943   Thumb Code    10  stm32f10x_adc.o(.text)
    DMA_DeInit                               0x0800594d   Thumb Code   316  stm32f10x_dma.o(.text)
    DMA_Init                                 0x08005a89   Thumb Code    60  stm32f10x_dma.o(.text)
    DMA_StructInit                           0x08005ac5   Thumb Code    26  stm32f10x_dma.o(.text)
    DMA_Cmd                                  0x08005adf   Thumb Code    22  stm32f10x_dma.o(.text)
    DMA_ITConfig                             0x08005af5   Thumb Code    18  stm32f10x_dma.o(.text)
    DMA_GetCurrDataCounter                   0x08005b07   Thumb Code     8  stm32f10x_dma.o(.text)
    DMA_GetFlagStatus                        0x08005b0f   Thumb Code    34  stm32f10x_dma.o(.text)
    DMA_ClearFlag                            0x08005b31   Thumb Code    18  stm32f10x_dma.o(.text)
    DMA_GetITStatus                          0x08005b43   Thumb Code    34  stm32f10x_dma.o(.text)
    DMA_ClearITPendingBit                    0x08005b65   Thumb Code    18  stm32f10x_dma.o(.text)
    NVIC_PriorityGroupConfig                 0x08005b91   Thumb Code    10  misc.o(.text)
    NVIC_Init                                0x08005b9b   Thumb Code   118  misc.o(.text)
    NVIC_SetVectorTable                      0x08005c11   Thumb Code    12  misc.o(.text)
    NVIC_SystemLPConfig                      0x08005c1d   Thumb Code    38  misc.o(.text)
    SysTick_CLKSourceConfig                  0x08005c43   Thumb Code    40  misc.o(.text)
    TIM_DeInit                               0x08005c89   Thumb Code   214  stm32f10x_tim.o(.text)
    TIM_TimeBaseInit                         0x08005d5f   Thumb Code    50  stm32f10x_tim.o(.text)
    TIM_OC1Init                              0x08005d91   Thumb Code   110  stm32f10x_tim.o(.text)
    TIM_OC2Init                              0x08005dff   Thumb Code   140  stm32f10x_tim.o(.text)
    TIM_OC3Init                              0x08005e8b   Thumb Code   136  stm32f10x_tim.o(.text)
    TIM_OC4Init                              0x08005f13   Thumb Code    98  stm32f10x_tim.o(.text)
    TIM_SetIC4Prescaler                      0x08005f75   Thumb Code    22  stm32f10x_tim.o(.text)
    TIM_SetIC3Prescaler                      0x08005fd1   Thumb Code    18  stm32f10x_tim.o(.text)
    TIM_SetIC2Prescaler                      0x08006023   Thumb Code    22  stm32f10x_tim.o(.text)
    TIM_SetIC1Prescaler                      0x0800608d   Thumb Code    18  stm32f10x_tim.o(.text)
    TIM_ICInit                               0x080060d5   Thumb Code   110  stm32f10x_tim.o(.text)
    TIM_PWMIConfig                           0x08006143   Thumb Code   124  stm32f10x_tim.o(.text)
    TIM_BDTRConfig                           0x080061bf   Thumb Code    32  stm32f10x_tim.o(.text)
    TIM_TimeBaseStructInit                   0x080061df   Thumb Code    18  stm32f10x_tim.o(.text)
    TIM_OCStructInit                         0x080061f1   Thumb Code    20  stm32f10x_tim.o(.text)
    TIM_ICStructInit                         0x08006205   Thumb Code    18  stm32f10x_tim.o(.text)
    TIM_BDTRStructInit                       0x08006217   Thumb Code    18  stm32f10x_tim.o(.text)
    TIM_Cmd                                  0x08006229   Thumb Code    24  stm32f10x_tim.o(.text)
    TIM_CtrlPWMOutputs                       0x08006241   Thumb Code    30  stm32f10x_tim.o(.text)
    TIM_ITConfig                             0x0800625f   Thumb Code    24  stm32f10x_tim.o(.text)
    TIM_GenerateEvent                        0x08006277   Thumb Code     4  stm32f10x_tim.o(.text)
    TIM_DMAConfig                            0x0800627b   Thumb Code    10  stm32f10x_tim.o(.text)
    TIM_DMACmd                               0x08006285   Thumb Code    24  stm32f10x_tim.o(.text)
    TIM_InternalClockConfig                  0x0800629d   Thumb Code    12  stm32f10x_tim.o(.text)
    TIM_SelectInputTrigger                   0x080062a9   Thumb Code    18  stm32f10x_tim.o(.text)
    TIM_ITRxExternalClockConfig              0x080062bb   Thumb Code    24  stm32f10x_tim.o(.text)
    TIM_TIxExternalClockConfig               0x080062d3   Thumb Code    62  stm32f10x_tim.o(.text)
    TIM_ETRConfig                            0x08006311   Thumb Code    26  stm32f10x_tim.o(.text)
    TIM_ETRClockMode1Config                  0x0800632b   Thumb Code    54  stm32f10x_tim.o(.text)
    TIM_ETRClockMode2Config                  0x08006361   Thumb Code    32  stm32f10x_tim.o(.text)
    TIM_PrescalerConfig                      0x08006381   Thumb Code     6  stm32f10x_tim.o(.text)
    TIM_CounterModeConfig                    0x08006387   Thumb Code    18  stm32f10x_tim.o(.text)
    TIM_EncoderInterfaceConfig               0x08006399   Thumb Code    62  stm32f10x_tim.o(.text)
    TIM_ForcedOC1Config                      0x080063d7   Thumb Code    18  stm32f10x_tim.o(.text)
    TIM_ForcedOC2Config                      0x080063e9   Thumb Code    22  stm32f10x_tim.o(.text)
    TIM_ForcedOC3Config                      0x080063ff   Thumb Code    18  stm32f10x_tim.o(.text)
    TIM_ForcedOC4Config                      0x08006411   Thumb Code    22  stm32f10x_tim.o(.text)
    TIM_ARRPreloadConfig                     0x08006427   Thumb Code    24  stm32f10x_tim.o(.text)
    TIM_SelectCOM                            0x0800643f   Thumb Code    24  stm32f10x_tim.o(.text)
    TIM_SelectCCDMA                          0x08006457   Thumb Code    24  stm32f10x_tim.o(.text)
    TIM_CCPreloadControl                     0x0800646f   Thumb Code    24  stm32f10x_tim.o(.text)
    TIM_OC1PreloadConfig                     0x08006487   Thumb Code    18  stm32f10x_tim.o(.text)
    TIM_OC2PreloadConfig                     0x08006499   Thumb Code    22  stm32f10x_tim.o(.text)
    TIM_OC3PreloadConfig                     0x080064af   Thumb Code    18  stm32f10x_tim.o(.text)
    TIM_OC4PreloadConfig                     0x080064c1   Thumb Code    22  stm32f10x_tim.o(.text)
    TIM_OC1FastConfig                        0x080064d7   Thumb Code    18  stm32f10x_tim.o(.text)
    TIM_OC2FastConfig                        0x080064e9   Thumb Code    22  stm32f10x_tim.o(.text)
    TIM_OC3FastConfig                        0x080064ff   Thumb Code    18  stm32f10x_tim.o(.text)
    TIM_OC4FastConfig                        0x08006511   Thumb Code    22  stm32f10x_tim.o(.text)
    TIM_ClearOC1Ref                          0x08006527   Thumb Code    18  stm32f10x_tim.o(.text)
    TIM_ClearOC2Ref                          0x08006539   Thumb Code    20  stm32f10x_tim.o(.text)
    TIM_ClearOC3Ref                          0x0800654d   Thumb Code    18  stm32f10x_tim.o(.text)
    TIM_ClearOC4Ref                          0x0800655f   Thumb Code    20  stm32f10x_tim.o(.text)
    TIM_OC1PolarityConfig                    0x08006573   Thumb Code    18  stm32f10x_tim.o(.text)
    TIM_OC1NPolarityConfig                   0x08006585   Thumb Code    18  stm32f10x_tim.o(.text)
    TIM_OC2PolarityConfig                    0x08006597   Thumb Code    22  stm32f10x_tim.o(.text)
    TIM_OC2NPolarityConfig                   0x080065ad   Thumb Code    22  stm32f10x_tim.o(.text)
    TIM_OC3PolarityConfig                    0x080065c3   Thumb Code    22  stm32f10x_tim.o(.text)
    TIM_OC3NPolarityConfig                   0x080065d9   Thumb Code    22  stm32f10x_tim.o(.text)
    TIM_OC4PolarityConfig                    0x080065ef   Thumb Code    22  stm32f10x_tim.o(.text)
    TIM_CCxCmd                               0x08006605   Thumb Code    30  stm32f10x_tim.o(.text)
    TIM_CCxNCmd                              0x08006623   Thumb Code    30  stm32f10x_tim.o(.text)
    TIM_SelectOCxM                           0x08006641   Thumb Code   142  stm32f10x_tim.o(.text)
    TIM_UpdateDisableConfig                  0x080066cf   Thumb Code    24  stm32f10x_tim.o(.text)
    TIM_UpdateRequestConfig                  0x080066e7   Thumb Code    24  stm32f10x_tim.o(.text)
    TIM_SelectHallSensor                     0x080066ff   Thumb Code    24  stm32f10x_tim.o(.text)
    TIM_SelectOnePulseMode                   0x08006717   Thumb Code    18  stm32f10x_tim.o(.text)
    TIM_SelectOutputTrigger                  0x08006729   Thumb Code    18  stm32f10x_tim.o(.text)
    TIM_SelectSlaveMode                      0x0800673b   Thumb Code    18  stm32f10x_tim.o(.text)
    TIM_SelectMasterSlaveMode                0x0800674d   Thumb Code    18  stm32f10x_tim.o(.text)
    TIM_SetCounter                           0x0800675f   Thumb Code     4  stm32f10x_tim.o(.text)
    TIM_SetAutoreload                        0x08006763   Thumb Code     4  stm32f10x_tim.o(.text)
    TIM_SetCompare1                          0x08006767   Thumb Code     4  stm32f10x_tim.o(.text)
    TIM_SetCompare2                          0x0800676b   Thumb Code     4  stm32f10x_tim.o(.text)
    TIM_SetCompare3                          0x0800676f   Thumb Code     4  stm32f10x_tim.o(.text)
    TIM_SetCompare4                          0x08006773   Thumb Code     6  stm32f10x_tim.o(.text)
    TIM_SetClockDivision                     0x08006779   Thumb Code    14  stm32f10x_tim.o(.text)
    TIM_GetCapture1                          0x08006787   Thumb Code     6  stm32f10x_tim.o(.text)
    TIM_GetCapture2                          0x0800678d   Thumb Code     6  stm32f10x_tim.o(.text)
    TIM_GetCapture3                          0x08006793   Thumb Code     6  stm32f10x_tim.o(.text)
    TIM_GetCapture4                          0x08006799   Thumb Code     8  stm32f10x_tim.o(.text)
    TIM_GetCounter                           0x080067a1   Thumb Code     6  stm32f10x_tim.o(.text)
    TIM_GetPrescaler                         0x080067a7   Thumb Code     6  stm32f10x_tim.o(.text)
    TIM_GetFlagStatus                        0x080067ad   Thumb Code    18  stm32f10x_tim.o(.text)
    TIM_ClearFlag                            0x080067bf   Thumb Code     6  stm32f10x_tim.o(.text)
    TIM_GetITStatus                          0x080067c5   Thumb Code    34  stm32f10x_tim.o(.text)
    TIM_ClearITPendingBit                    0x080067e7   Thumb Code     6  stm32f10x_tim.o(.text)
    RTC_ITConfig                             0x080067ed   Thumb Code    40  stm32f10x_rtc.o(.text)
    RTC_EnterConfigMode                      0x08006815   Thumb Code    16  stm32f10x_rtc.o(.text)
    RTC_ExitConfigMode                       0x08006825   Thumb Code    20  stm32f10x_rtc.o(.text)
    RTC_GetCounter                           0x08006839   Thumb Code    18  stm32f10x_rtc.o(.text)
    RTC_SetCounter                           0x0800684b   Thumb Code    26  stm32f10x_rtc.o(.text)
    RTC_SetPrescaler                         0x08006865   Thumb Code    28  stm32f10x_rtc.o(.text)
    RTC_SetAlarm                             0x08006881   Thumb Code    26  stm32f10x_rtc.o(.text)
    RTC_GetDivider                           0x0800689b   Thumb Code    26  stm32f10x_rtc.o(.text)
    RTC_WaitForLastTask                      0x080068b5   Thumb Code    14  stm32f10x_rtc.o(.text)
    RTC_WaitForSynchro                       0x080068c3   Thumb Code    32  stm32f10x_rtc.o(.text)
    RTC_GetFlagStatus                        0x080068e3   Thumb Code    20  stm32f10x_rtc.o(.text)
    RTC_ClearFlag                            0x080068f7   Thumb Code    22  stm32f10x_rtc.o(.text)
    RTC_GetITStatus                          0x0800690d   Thumb Code    34  stm32f10x_rtc.o(.text)
    RTC_ClearITPendingBit                    0x0800692f   Thumb Code    22  stm32f10x_rtc.o(.text)
    BKP_DeInit                               0x08006965   Thumb Code    16  stm32f10x_bkp.o(.text)
    BKP_TamperPinLevelConfig                 0x08006975   Thumb Code     6  stm32f10x_bkp.o(.text)
    BKP_TamperPinCmd                         0x0800697b   Thumb Code     6  stm32f10x_bkp.o(.text)
    BKP_ITConfig                             0x08006981   Thumb Code     6  stm32f10x_bkp.o(.text)
    BKP_RTCOutputConfig                      0x08006987   Thumb Code    28  stm32f10x_bkp.o(.text)
    BKP_SetRTCCalibrationValue               0x080069a3   Thumb Code    28  stm32f10x_bkp.o(.text)
    BKP_WriteBackupRegister                  0x080069bf   Thumb Code    10  stm32f10x_bkp.o(.text)
    BKP_ReadBackupRegister                   0x080069c9   Thumb Code    12  stm32f10x_bkp.o(.text)
    BKP_GetFlagStatus                        0x080069d5   Thumb Code     8  stm32f10x_bkp.o(.text)
    BKP_ClearFlag                            0x080069dd   Thumb Code    16  stm32f10x_bkp.o(.text)
    BKP_GetITStatus                          0x080069ed   Thumb Code     8  stm32f10x_bkp.o(.text)
    BKP_ClearITPendingBit                    0x080069f5   Thumb Code    16  stm32f10x_bkp.o(.text)
    PWR_DeInit                               0x08006a25   Thumb Code    22  stm32f10x_pwr.o(.text)
    PWR_BackupAccessCmd                      0x08006a3b   Thumb Code     6  stm32f10x_pwr.o(.text)
    PWR_PVDCmd                               0x08006a41   Thumb Code     6  stm32f10x_pwr.o(.text)
    PWR_PVDLevelConfig                       0x08006a47   Thumb Code    18  stm32f10x_pwr.o(.text)
    PWR_WakeUpPinCmd                         0x08006a59   Thumb Code     6  stm32f10x_pwr.o(.text)
    PWR_EnterSTOPMode                        0x08006a5f   Thumb Code    46  stm32f10x_pwr.o(.text)
    PWR_EnterSTANDBYMode                     0x08006a8d   Thumb Code    46  stm32f10x_pwr.o(.text)
    PWR_GetFlagStatus                        0x08006abb   Thumb Code    20  stm32f10x_pwr.o(.text)
    PWR_ClearFlag                            0x08006acf   Thumb Code    14  stm32f10x_pwr.o(.text)
    EXTI_DeInit                              0x08006aed   Thumb Code    30  stm32f10x_exti.o(.text)
    EXTI_Init                                0x08006b0b   Thumb Code   190  stm32f10x_exti.o(.text)
    EXTI_StructInit                          0x08006bc9   Thumb Code    16  stm32f10x_exti.o(.text)
    EXTI_GenerateSWInterrupt                 0x08006bd9   Thumb Code    16  stm32f10x_exti.o(.text)
    EXTI_GetFlagStatus                       0x08006be9   Thumb Code    20  stm32f10x_exti.o(.text)
    EXTI_ClearFlag                           0x08006bfd   Thumb Code     6  stm32f10x_exti.o(.text)
    EXTI_GetITStatus                         0x08006c03   Thumb Code    34  stm32f10x_exti.o(.text)
    EXTI_ClearITPendingBit                   0x08006c25   Thumb Code     6  stm32f10x_exti.o(.text)
    USART_DeInit                             0x08006c4d   Thumb Code   146  stm32f10x_usart.o(.text)
    USART_Init                               0x08006cdf   Thumb Code   150  stm32f10x_usart.o(.text)
    USART_StructInit                         0x08006d75   Thumb Code    24  stm32f10x_usart.o(.text)
    USART_ClockInit                          0x08006d8d   Thumb Code    34  stm32f10x_usart.o(.text)
    USART_ClockStructInit                    0x08006daf   Thumb Code    12  stm32f10x_usart.o(.text)
    USART_Cmd                                0x08006dbb   Thumb Code    24  stm32f10x_usart.o(.text)
    USART_ITConfig                           0x08006dd3   Thumb Code    64  stm32f10x_usart.o(.text)
    USART_DMACmd                             0x08006e13   Thumb Code    24  stm32f10x_usart.o(.text)
    USART_SetAddress                         0x08006e2b   Thumb Code    18  stm32f10x_usart.o(.text)
    USART_WakeUpConfig                       0x08006e3d   Thumb Code    18  stm32f10x_usart.o(.text)
    USART_ReceiverWakeUpCmd                  0x08006e4f   Thumb Code    24  stm32f10x_usart.o(.text)
    USART_LINBreakDetectLengthConfig         0x08006e67   Thumb Code    18  stm32f10x_usart.o(.text)
    USART_LINCmd                             0x08006e79   Thumb Code    24  stm32f10x_usart.o(.text)
    USART_SendData                           0x08006e91   Thumb Code     8  stm32f10x_usart.o(.text)
    USART_ReceiveData                        0x08006e99   Thumb Code    10  stm32f10x_usart.o(.text)
    USART_SendBreak                          0x08006ea3   Thumb Code    10  stm32f10x_usart.o(.text)
    USART_SetGuardTime                       0x08006ead   Thumb Code    16  stm32f10x_usart.o(.text)
    USART_SetPrescaler                       0x08006ebd   Thumb Code    16  stm32f10x_usart.o(.text)
    USART_SmartCardCmd                       0x08006ecd   Thumb Code    24  stm32f10x_usart.o(.text)
    USART_SmartCardNACKCmd                   0x08006ee5   Thumb Code    24  stm32f10x_usart.o(.text)
    USART_HalfDuplexCmd                      0x08006efd   Thumb Code    24  stm32f10x_usart.o(.text)
    USART_IrDAConfig                         0x08006f15   Thumb Code    18  stm32f10x_usart.o(.text)
    USART_IrDACmd                            0x08006f27   Thumb Code    24  stm32f10x_usart.o(.text)
    USART_GetFlagStatus                      0x08006f3f   Thumb Code    18  stm32f10x_usart.o(.text)
    USART_ClearFlag                          0x08006f51   Thumb Code     6  stm32f10x_usart.o(.text)
    USART_GetITStatus                        0x08006f57   Thumb Code    76  stm32f10x_usart.o(.text)
    USART_ClearITPendingBit                  0x08006fa3   Thumb Code    20  stm32f10x_usart.o(.text)
    SDIO_DeInit                              0x08006fc5   Thumb Code    28  stm32f10x_sdio.o(.text)
    SDIO_Init                                0x08006fe1   Thumb Code    42  stm32f10x_sdio.o(.text)
    SDIO_StructInit                          0x0800700b   Thumb Code    16  stm32f10x_sdio.o(.text)
    SDIO_ClockCmd                            0x0800701b   Thumb Code     6  stm32f10x_sdio.o(.text)
    SDIO_SetPowerState                       0x08007021   Thumb Code    22  stm32f10x_sdio.o(.text)
    SDIO_GetPowerState                       0x08007037   Thumb Code    10  stm32f10x_sdio.o(.text)
    SDIO_ITConfig                            0x08007041   Thumb Code    26  stm32f10x_sdio.o(.text)
    SDIO_DMACmd                              0x0800705b   Thumb Code     6  stm32f10x_sdio.o(.text)
    SDIO_SendCommand                         0x08007061   Thumb Code    38  stm32f10x_sdio.o(.text)
    SDIO_CmdStructInit                       0x08007087   Thumb Code    14  stm32f10x_sdio.o(.text)
    SDIO_GetCommandResponse                  0x08007095   Thumb Code     8  stm32f10x_sdio.o(.text)
    SDIO_GetResponse                         0x0800709d   Thumb Code    10  stm32f10x_sdio.o(.text)
    SDIO_DataConfig                          0x080070a7   Thumb Code    42  stm32f10x_sdio.o(.text)
    SDIO_DataStructInit                      0x080070d1   Thumb Code    20  stm32f10x_sdio.o(.text)
    SDIO_GetDataCounter                      0x080070e5   Thumb Code     6  stm32f10x_sdio.o(.text)
    SDIO_ReadData                            0x080070eb   Thumb Code     6  stm32f10x_sdio.o(.text)
    SDIO_WriteData                           0x080070f1   Thumb Code     6  stm32f10x_sdio.o(.text)
    SDIO_GetFIFOCount                        0x080070f7   Thumb Code     6  stm32f10x_sdio.o(.text)
    SDIO_StartSDIOReadWait                   0x080070fd   Thumb Code     6  stm32f10x_sdio.o(.text)
    SDIO_StopSDIOReadWait                    0x08007103   Thumb Code     6  stm32f10x_sdio.o(.text)
    SDIO_SetSDIOReadWaitMode                 0x08007109   Thumb Code     6  stm32f10x_sdio.o(.text)
    SDIO_SetSDIOOperation                    0x0800710f   Thumb Code     6  stm32f10x_sdio.o(.text)
    SDIO_SendSDIOSuspendCmd                  0x08007115   Thumb Code     6  stm32f10x_sdio.o(.text)
    SDIO_CommandCompletionCmd                0x0800711b   Thumb Code     6  stm32f10x_sdio.o(.text)
    SDIO_CEATAITCmd                          0x08007121   Thumb Code    10  stm32f10x_sdio.o(.text)
    SDIO_SendCEATACmd                        0x0800712b   Thumb Code     6  stm32f10x_sdio.o(.text)
    SDIO_GetFlagStatus                       0x08007131   Thumb Code    20  stm32f10x_sdio.o(.text)
    SDIO_ClearFlag                           0x08007145   Thumb Code     6  stm32f10x_sdio.o(.text)
    SDIO_GetITStatus                         0x0800714b   Thumb Code    20  stm32f10x_sdio.o(.text)
    SDIO_ClearITPendingBit                   0x0800715f   Thumb Code     6  stm32f10x_sdio.o(.text)
    SystemInit                               0x08007267   Thumb Code    68  system_stm32f10x.o(.text)
    __aeabi_uldivmod                         0x080072bd   Thumb Code     0  lludivv7m.o(.text)
    _ll_udiv                                 0x080072bd   Thumb Code   238  lludivv7m.o(.text)
    __2printf                                0x080073ad   Thumb Code    20  noretval__2printf.o(.text)
    _printf_pre_padding                      0x080073c5   Thumb Code    44  _printf_pad.o(.text)
    _printf_post_padding                     0x080073f1   Thumb Code    36  _printf_pad.o(.text)
    _printf_str                              0x08007415   Thumb Code    82  _printf_str.o(.text)
    _printf_int_dec                          0x08007469   Thumb Code    98  _printf_dec.o(.text)
    __printf                                 0x080074dd   Thumb Code   286  __printf_wp.o(.text)
    __aeabi_memcpy4                          0x080075fb   Thumb Code     0  rt_memcpy_w.o(.text)
    __aeabi_memcpy8                          0x080075fb   Thumb Code     0  rt_memcpy_w.o(.text)
    __rt_memcpy_w                            0x080075fb   Thumb Code   100  rt_memcpy_w.o(.text)
    _memcpy_lastbytes_aligned                0x08007643   Thumb Code     0  rt_memcpy_w.o(.text)
    __aeabi_memclr4                          0x0800765f   Thumb Code     0  rt_memclr_w.o(.text)
    __aeabi_memclr8                          0x0800765f   Thumb Code     0  rt_memclr_w.o(.text)
    __rt_memclr_w                            0x0800765f   Thumb Code    78  rt_memclr_w.o(.text)
    _memset_w                                0x08007663   Thumb Code     0  rt_memclr_w.o(.text)
    strncpy                                  0x080076ad   Thumb Code    86  strncpy.o(.text)
    __use_two_region_memory                  0x08007703   Thumb Code     2  heapauxi.o(.text)
    __rt_heap_escrow$2region                 0x08007705   Thumb Code     2  heapauxi.o(.text)
    __rt_heap_expand$2region                 0x08007707   Thumb Code     2  heapauxi.o(.text)
    _printf_int_common                       0x08007709   Thumb Code   180  _printf_intcommon.o(.text)
    __lib_sel_fp_printf                      0x080077bd   Thumb Code     2  _printf_fp_dec.o(.text)
    _printf_fp_dec_real                      0x08007963   Thumb Code   616  _printf_fp_dec.o(.text)
    _printf_cs_common                        0x08007bcb   Thumb Code    20  _printf_char.o(.text)
    _printf_char                             0x08007bdf   Thumb Code    16  _printf_char.o(.text)
    _printf_string                           0x08007bef   Thumb Code     8  _printf_char.o(.text)
    _printf_char_file                        0x08007bf9   Thumb Code    32  _printf_char_file.o(.text)
    __aeabi_memclr                           0x08007c1d   Thumb Code     0  rt_memclr.o(.text)
    __rt_memclr                              0x08007c1d   Thumb Code    68  rt_memclr.o(.text)
    _memset                                  0x08007c21   Thumb Code     0  rt_memclr.o(.text)
    __rt_udiv10                              0x08007c61   Thumb Code    16  rtudiv10.o(.text)
    __rt_locale                              0x08007c71   Thumb Code    12  rt_locale_intlibspace.o(.text)
    _ll_udiv10                               0x08007c7d   Thumb Code   138  lludiv10.o(.text)
    _printf_char_common                      0x08007d13   Thumb Code    32  _printf_char_common.o(.text)
    _printf_fp_infnan                        0x08007d39   Thumb Code   108  _printf_fp_infnan.o(.text)
    _btod_etento                             0x08007db5   Thumb Code   230  bigflt0.o(.text)
    ferror                                   0x08007ea1   Thumb Code     8  ferror.o(.text)
    __user_libspace                          0x08007ea9   Thumb Code     8  libspace.o(.text)
    __user_perproc_libspace                  0x08007ea9   Thumb Code     0  libspace.o(.text)
    __user_perthread_libspace                0x08007ea9   Thumb Code     0  libspace.o(.text)
    __user_setup_stackheap                   0x08007eb1   Thumb Code    74  sys_stackheap_outer.o(.text)
    exit                                     0x08007efb   Thumb Code    12  exit.o(.text)
    strcmp                                   0x08007f09   Thumb Code   128  strcmpv7m.o(.text)
    _sys_exit                                0x08007f89   Thumb Code     8  sys_exit.o(.text)
    __rt_fp_status_addr                      0x08007f95   Thumb Code    12  rt_fp_status_addr_intlibspace.o(.text)
    __I$use$semihosting                      0x08007fa1   Thumb Code     0  use_no_semi.o(.text)
    __use_no_semihosting_swi                 0x08007fa1   Thumb Code     2  use_no_semi.o(.text)
    _btod_d2e                                0x08007fa3   Thumb Code    62  btod.o(CL$$btod_d2e)
    _d2e_denorm_low                          0x08007fe1   Thumb Code    70  btod.o(CL$$btod_d2e_denorm_low)
    _d2e_norm_op1                            0x08008027   Thumb Code    96  btod.o(CL$$btod_d2e_norm_op1)
    __btod_div_common                        0x08008087   Thumb Code   696  btod.o(CL$$btod_div_common)
    _e2e                                     0x080083bf   Thumb Code   198  btod.o(CL$$btod_e2e)
    _btod_ediv                               0x08008485   Thumb Code    40  btod.o(CL$$btod_ediv)
    _btod_emul                               0x080084ad   Thumb Code    40  btod.o(CL$$btod_emul)
    __btod_mult_common                       0x080084d5   Thumb Code   580  btod.o(CL$$btod_mult_common)
    __ARM_fpclassify                         0x08008719   Thumb Code    40  fpclassify.o(i.__ARM_fpclassify)
    _get_lc_numeric                          0x08008741   Thumb Code    44  lc_numeric_c.o(locale$$code)
    __fpl_dcmp_Inf                           0x0800876d   Thumb Code    24  dcmpi.o(x$fpl$dcmpinf)
    __aeabi_ddiv                             0x08008785   Thumb Code     0  ddiv.o(x$fpl$ddiv)
    _ddiv                                    0x08008785   Thumb Code   552  ddiv.o(x$fpl$ddiv)
    __aeabi_cdcmpeq                          0x08008a35   Thumb Code     0  deqf.o(x$fpl$deqf)
    _dcmpeq                                  0x08008a35   Thumb Code   120  deqf.o(x$fpl$deqf)
    __aeabi_d2uiz                            0x08008aad   Thumb Code     0  dfixu.o(x$fpl$dfixu)
    _dfixu                                   0x08008aad   Thumb Code    90  dfixu.o(x$fpl$dfixu)
    __aeabi_ui2d                             0x08008b07   Thumb Code     0  dflt_clz.o(x$fpl$dfltu)
    _dfltu                                   0x08008b07   Thumb Code    38  dflt_clz.o(x$fpl$dfltu)
    __aeabi_cdcmple                          0x08008b2d   Thumb Code     0  dleqf.o(x$fpl$dleqf)
    _dcmple                                  0x08008b2d   Thumb Code   120  dleqf.o(x$fpl$dleqf)
    __fpl_dcmple_InfNaN                      0x08008b8f   Thumb Code     0  dleqf.o(x$fpl$dleqf)
    __fpl_dnaninf                            0x08008ba5   Thumb Code   156  dnaninf.o(x$fpl$dnaninf)
    __fpl_dretinf                            0x08008c41   Thumb Code    12  dretinf.o(x$fpl$dretinf)
    __aeabi_cdrcmple                         0x08008c4d   Thumb Code     0  drleqf.o(x$fpl$drleqf)
    _drcmple                                 0x08008c4d   Thumb Code   108  drleqf.o(x$fpl$drleqf)
    __aeabi_f2d                              0x08008cb9   Thumb Code     0  f2d.o(x$fpl$f2d)
    _f2d                                     0x08008cb9   Thumb Code    86  f2d.o(x$fpl$f2d)
    __aeabi_fadd                             0x08008d11   Thumb Code     0  faddsub_clz.o(x$fpl$fadd)
    _fadd                                    0x08008d11   Thumb Code   196  faddsub_clz.o(x$fpl$fadd)
    __fpl_fcmp_Inf                           0x08008dd5   Thumb Code    24  fcmpi.o(x$fpl$fcmpinf)
    __aeabi_f2iz                             0x08008ded   Thumb Code     0  ffix.o(x$fpl$ffix)
    _ffix                                    0x08008ded   Thumb Code    54  ffix.o(x$fpl$ffix)
    __aeabi_i2f                              0x08008e25   Thumb Code     0  fflt_clz.o(x$fpl$fflt)
    _fflt                                    0x08008e25   Thumb Code    48  fflt_clz.o(x$fpl$fflt)
    __aeabi_cfcmple                          0x08008e55   Thumb Code     0  fleqf.o(x$fpl$fleqf)
    _fcmple                                  0x08008e55   Thumb Code   104  fleqf.o(x$fpl$fleqf)
    __fpl_fcmple_InfNaN                      0x08008ea7   Thumb Code     0  fleqf.o(x$fpl$fleqf)
    __aeabi_fmul                             0x08008ebd   Thumb Code     0  fmul.o(x$fpl$fmul)
    _fmul                                    0x08008ebd   Thumb Code   258  fmul.o(x$fpl$fmul)
    __fpl_fnaninf                            0x08008fbf   Thumb Code   140  fnaninf.o(x$fpl$fnaninf)
    _fp_init                                 0x0800904b   Thumb Code    14  fpinit.o(x$fpl$fpinit)
    __fplib_config_pureend_doubles           0x08009057   Thumb Code     0  fpinit.o(x$fpl$fpinit)
    __fpl_fretinf                            0x08009059   Thumb Code    10  fretinf.o(x$fpl$fretinf)
    __aeabi_cfrcmple                         0x08009063   Thumb Code     0  frleqf.o(x$fpl$frleqf)
    _frcmple                                 0x08009063   Thumb Code    98  frleqf.o(x$fpl$frleqf)
    __aeabi_fsub                             0x080090c5   Thumb Code     0  faddsub_clz.o(x$fpl$fsub)
    _fsub                                    0x080090c5   Thumb Code   234  faddsub_clz.o(x$fpl$fsub)
    _printf_fp_dec                           0x080091af   Thumb Code     4  printf1.o(x$fpl$printf1)
    __I$use$fp                               0x080091b3   Thumb Code     0  usenofp.o(x$fpl$usenofp)
    rtc_res                                  0x080091e4   Data          20  resources.o(.constdata)
    tmp_res                                  0x080091f8   Data          20  resources.o(.constdata)
    soilhumd_res                             0x0800920c   Data          20  resources.o(.constdata)
    reargrowlight_res                        0x08009220   Data          20  resources.o(.constdata)
    rearwarmlight_res                        0x08009234   Data          20  resources.o(.constdata)
    alarm_res                                0x08009248   Data          20  resources.o(.constdata)
    usart_res                                0x0800925c   Data          20  resources.o(.constdata)
    light_res                                0x08009270   Data          20  resources.o(.constdata)
    pumpA_res                                0x08009284   Data          20  resources.o(.constdata)
    pumpB_res                                0x08009298   Data          20  resources.o(.constdata)
    SystemFrequency                          0x080092b4   Data           4  system_stm32f10x.o(.constdata)
    SystemFrequency_SysClk                   0x080092b8   Data           4  system_stm32f10x.o(.constdata)
    SystemFrequency_AHBClk                   0x080092bc   Data           4  system_stm32f10x.o(.constdata)
    SystemFrequency_APB1Clk                  0x080092c0   Data           4  system_stm32f10x.o(.constdata)
    SystemFrequency_APB2Clk                  0x080092c4   Data           4  system_stm32f10x.o(.constdata)
    Region$$Table$$Base                      0x0800935c   Number         0  anon$$obj.o(Region$$Table)
    Region$$Table$$Limit                     0x0800937c   Number         0  anon$$obj.o(Region$$Table)
    __stdout                                 0x20000000   Data           4  debug_uart.o(.data)
    __stdin                                  0x20000004   Data           4  debug_uart.o(.data)
    TM_TimingDelay                           0x20000008   Data           4  tm_stm32f4_delay.o(.data)
    TM_Time                                  0x2000000c   Data           4  tm_stm32f4_delay.o(.data)
    TM_Time2                                 0x20000010   Data           4  tm_stm32f4_delay.o(.data)
    TM_DELAY_Initialized                     0x20000014   Data           1  tm_stm32f4_delay.o(.data)
    mult                                     0x20000018   Data           4  tm_stm32f4_delay.o(.data)
    OGIS                                     0x2000001c   Data           4  tm_stm32f4_onewire.o(.data)
    AM2301_GPIO_InitStruct                   0x20000020   Data           4  tm_stm32f4_am2301.o(.data)
    TM_RTC_Status                            0x20000024   Data           4  tm_stm32f4_rtc.o(.data)
    TM_RTC_Months                            0x20000028   Data          24  tm_stm32f4_rtc.o(.data)
    NVIC_InitStruct                          0x20000070   Data           4  tm_stm32f4_rtc.o(.data)
    EXTI_InitStruct                          0x20000074   Data           8  tm_stm32f4_rtc.o(.data)
    TM_USART1                                0x20000080   Data          16  tm_stm32f4_usart.o(.data)
    TM_USART2                                0x20000090   Data          16  tm_stm32f4_usart.o(.data)
    TM_USART3                                0x200000a0   Data          16  tm_stm32f4_usart.o(.data)
    TM_UART4                                 0x200000b0   Data          16  tm_stm32f4_usart.o(.data)
    TM_UART5                                 0x200000c0   Data          16  tm_stm32f4_usart.o(.data)
    StopCondition                            0x200000d8   Data           4  fatfs_sd_sdio.o(.data)
    TransferError                            0x200000dc   Data           1  fatfs_sd_sdio.o(.data)
    TransferEnd                              0x200000e0   Data           4  fatfs_sd_sdio.o(.data)
    DMAEndOfTransfer                         0x200000e4   Data           4  fatfs_sd_sdio.o(.data)
    airhumd_res                              0x200000f0   Data          20  resources.o(.data)
    res_array                                0x20000114   Data          44  resources.o(.data)
    TM_USART1_Buffer                         0x20000184   Data          32  tm_stm32f4_usart.o(.bss)
    TM_USART2_Buffer                         0x200001a4   Data          32  tm_stm32f4_usart.o(.bss)
    TM_USART3_Buffer                         0x200001c4   Data          32  tm_stm32f4_usart.o(.bss)
    TM_UART4_Buffer                          0x200001e4   Data          32  tm_stm32f4_usart.o(.bss)
    TM_UART5_Buffer                          0x20000204   Data          32  tm_stm32f4_usart.o(.bss)
    SDCardInfo                               0x20000258   Data          88  fatfs_sd_sdio.o(.bss)
    SDIO_InitStructure                       0x200002b0   Data          24  fatfs_sd_sdio.o(.bss)
    SDIO_CmdInitStructure                    0x200002c8   Data          20  fatfs_sd_sdio.o(.bss)
    SDIO_DataInitStructure                   0x200002dc   Data          24  fatfs_sd_sdio.o(.bss)
    buffer                                   0x20000b40   Data        1020  ipc.o(.bss)
    __libspace_start                         0x20000fe0   Data          96  libspace.o(.bss)
    __temporary_stack_top$libspace           0x20001040   Data           0  libspace.o(.bss)



==============================================================================

Memory Map of the image

  Image Entry point : 0x0800023f

  Load Region LR_1 (Base: 0x08000000, Size: 0x0000951c, Max: 0xffffffff, ABSOLUTE, COMPRESSED[0x00009410])

    Execution Region ER_RO (Base: 0x08000000, Size: 0x00009398, Max: 0xffffffff, ABSOLUTE)

    Base Addr    Size         Type   Attr      Idx    E Section Name        Object

    0x08000000   0x00000130   Data   RO            3    RESET               startup_stm32f10x_hd.o
    0x08000130   0x00000008   Code   RO          739  * !!!main             c_w.l(__main.o)(c_w.l)
    0x08000138   0x00000034   Code   RO         1036    !!!scatter          c_w.l(__scatter.o)(c_w.l)
    0x0800016c   0x0000005a   Code   RO         1034    !!dczerorl2         c_w.l(__dczerorl2.o)(c_w.l)
    0x080001c6   0x00000002   PAD
    0x080001c8   0x0000001c   Code   RO         1038    !!handler_zi        c_w.l(__scatter_zi.o)(c_w.l)
    0x080001e4   0x00000000   Code   RO          730    .ARM.Collect$$_printf_percent$$00000000  c_w.l(_printf_percent.o)(c_w.l)
    0x080001e4   0x00000006   Code   RO          729    .ARM.Collect$$_printf_percent$$00000003  c_w.l(_printf_f.o)(c_w.l)
    0x080001ea   0x00000006   Code   RO          727    .ARM.Collect$$_printf_percent$$00000009  c_w.l(_printf_d.o)(c_w.l)
    0x080001f0   0x00000006   Code   RO          728    .ARM.Collect$$_printf_percent$$0000000A  c_w.l(_printf_u.o)(c_w.l)
    0x080001f6   0x00000006   Code   RO          726    .ARM.Collect$$_printf_percent$$00000014  c_w.l(_printf_s.o)(c_w.l)
    0x080001fc   0x00000004   Code   RO          799    .ARM.Collect$$_printf_percent$$00000017  c_w.l(_printf_percent_end.o)(c_w.l)
    0x08000200   0x00000006   Code   RO          907    .ARM.Collect$$libinit$$00000000  c_w.l(libinit.o)(c_w.l)
    0x08000206   0x00000000   Code   RO          910    .ARM.Collect$$libinit$$00000006  c_w.l(libinit2.o)(c_w.l)
    0x08000206   0x00000000   Code   RO          912    .ARM.Collect$$libinit$$00000008  c_w.l(libinit2.o)(c_w.l)
    0x08000206   0x00000000   Code   RO          914    .ARM.Collect$$libinit$$0000000A  c_w.l(libinit2.o)(c_w.l)
    0x08000206   0x00000006   Code   RO          915    .ARM.Collect$$libinit$$0000000B  c_w.l(libinit2.o)(c_w.l)
    0x0800020c   0x00000000   Code   RO          917    .ARM.Collect$$libinit$$0000000D  c_w.l(libinit2.o)(c_w.l)
    0x0800020c   0x00000000   Code   RO          919    .ARM.Collect$$libinit$$0000000F  c_w.l(libinit2.o)(c_w.l)
    0x0800020c   0x00000000   Code   RO          921    .ARM.Collect$$libinit$$00000011  c_w.l(libinit2.o)(c_w.l)
    0x0800020c   0x0000000a   Code   RO          922    .ARM.Collect$$libinit$$00000012  c_w.l(libinit2.o)(c_w.l)
    0x08000216   0x00000000   Code   RO          923    .ARM.Collect$$libinit$$00000013  c_w.l(libinit2.o)(c_w.l)
    0x08000216   0x00000000   Code   RO          925    .ARM.Collect$$libinit$$00000015  c_w.l(libinit2.o)(c_w.l)
    0x08000216   0x00000000   Code   RO          927    .ARM.Collect$$libinit$$00000017  c_w.l(libinit2.o)(c_w.l)
    0x08000216   0x00000000   Code   RO          929    .ARM.Collect$$libinit$$00000019  c_w.l(libinit2.o)(c_w.l)
    0x08000216   0x00000000   Code   RO          931    .ARM.Collect$$libinit$$0000001B  c_w.l(libinit2.o)(c_w.l)
    0x08000216   0x00000000   Code   RO          933    .ARM.Collect$$libinit$$0000001D  c_w.l(libinit2.o)(c_w.l)
    0x08000216   0x00000000   Code   RO          935    .ARM.Collect$$libinit$$0000001F  c_w.l(libinit2.o)(c_w.l)
    0x08000216   0x00000000   Code   RO          937    .ARM.Collect$$libinit$$00000021  c_w.l(libinit2.o)(c_w.l)
    0x08000216   0x00000000   Code   RO          941    .ARM.Collect$$libinit$$00000028  c_w.l(libinit2.o)(c_w.l)
    0x08000216   0x00000000   Code   RO          943    .ARM.Collect$$libinit$$0000002A  c_w.l(libinit2.o)(c_w.l)
    0x08000216   0x00000000   Code   RO          945    .ARM.Collect$$libinit$$0000002C  c_w.l(libinit2.o)(c_w.l)
    0x08000216   0x00000000   Code   RO          947    .ARM.Collect$$libinit$$0000002E  c_w.l(libinit2.o)(c_w.l)
    0x08000216   0x00000002   Code   RO          948    .ARM.Collect$$libinit$$0000002F  c_w.l(libinit2.o)(c_w.l)
    0x08000218   0x00000002   Code   RO         1000    .ARM.Collect$$libshutdown$$00000000  c_w.l(libshutdown.o)(c_w.l)
    0x0800021a   0x00000000   Code   RO         1019    .ARM.Collect$$libshutdown$$00000003  c_w.l(libshutdown2.o)(c_w.l)
    0x0800021a   0x00000000   Code   RO         1022    .ARM.Collect$$libshutdown$$00000006  c_w.l(libshutdown2.o)(c_w.l)
    0x0800021a   0x00000000   Code   RO         1025    .ARM.Collect$$libshutdown$$00000009  c_w.l(libshutdown2.o)(c_w.l)
    0x0800021a   0x00000000   Code   RO         1027    .ARM.Collect$$libshutdown$$0000000B  c_w.l(libshutdown2.o)(c_w.l)
    0x0800021a   0x00000000   Code   RO         1030    .ARM.Collect$$libshutdown$$0000000E  c_w.l(libshutdown2.o)(c_w.l)
    0x0800021a   0x00000002   Code   RO         1031    .ARM.Collect$$libshutdown$$0000000F  c_w.l(libshutdown2.o)(c_w.l)
    0x0800021c   0x00000000   Code   RO          785    .ARM.Collect$$rtentry$$00000000  c_w.l(rtentry.o)(c_w.l)
    0x0800021c   0x00000000   Code   RO          818    .ARM.Collect$$rtentry$$00000002  c_w.l(rtentry2.o)(c_w.l)
    0x0800021c   0x00000006   Code   RO          833    .ARM.Collect$$rtentry$$00000004  c_w.l(rtentry4.o)(c_w.l)
    0x08000222   0x00000000   Code   RO          820    .ARM.Collect$$rtentry$$00000009  c_w.l(rtentry2.o)(c_w.l)
    0x08000222   0x00000004   Code   RO          821    .ARM.Collect$$rtentry$$0000000A  c_w.l(rtentry2.o)(c_w.l)
    0x08000226   0x00000000   Code   RO          823    .ARM.Collect$$rtentry$$0000000C  c_w.l(rtentry2.o)(c_w.l)
    0x08000226   0x00000008   Code   RO          824    .ARM.Collect$$rtentry$$0000000D  c_w.l(rtentry2.o)(c_w.l)
    0x0800022e   0x00000002   Code   RO          949    .ARM.Collect$$rtexit$$00000000  c_w.l(rtexit.o)(c_w.l)
    0x08000230   0x00000000   Code   RO          964    .ARM.Collect$$rtexit$$00000002  c_w.l(rtexit2.o)(c_w.l)
    0x08000230   0x00000004   Code   RO          965    .ARM.Collect$$rtexit$$00000003  c_w.l(rtexit2.o)(c_w.l)
    0x08000234   0x00000006   Code   RO          966    .ARM.Collect$$rtexit$$00000004  c_w.l(rtexit2.o)(c_w.l)
    0x0800023a   0x00000002   PAD
    0x0800023c   0x00000048   Code   RO            4  * .text               startup_stm32f10x_hd.o
    0x08000284   0x0000001a   Code   RO           10    .text               stm32f10x_it.o
    0x0800029e   0x00000002   PAD
    0x080002a0   0x00000024   Code   RO           60    .text               debug_uart.o
    0x080002c4   0x00000278   Code   RO           79    .text               tm_stm32f4_timer_properties.o
    0x0800053c   0x0000014c   Code   RO          100    .text               tm_stm32f4_delay.o
    0x08000688   0x000004d8   Code   RO          124    .text               tm_stm32f4_ds18b20.o
    0x08000b60   0x00000418   Code   RO          146    .text               tm_stm32f4_onewire.o
    0x08000f78   0x00000210   Code   RO          165    .text               tm_stm32f4_am2301.o
    0x08001188   0x000006e8   Code   RO          183    .text               tm_stm32f4_rtc.o
    0x08001870   0x00000134   Code   RO          217    .text               tm_stm32f4_gpio.o
    0x080019a4   0x00000408   Code   RO          234    .text               tm_stm32f4_usart.o
    0x08001dac   0x000003a8   Code   RO          256    .text               tm_stm32f4_adc.o
    0x08002154   0x00001dc0   Code   RO          367    .text               fatfs_sd_sdio.o
    0x08003f14   0x000003e0   Code   RO          386    .text               stw_timer.o
    0x080042f4   0x00000094   Code   RO          419    .text               stw_system_timer.o
    0x08004388   0x0000014c   Code   RO          442    .text               ipc.o
    0x080044d4   0x0000064c   Code   RO          457    .text               resources.o
    0x08004b20   0x0000032c   Code   RO          487    .text               realmain.o
    0x08004e4c   0x0000032c   Code   RO          506    .text               stm32f10x_gpio.o
    0x08005178   0x000003a0   Code   RO          518    .text               stm32f10x_rcc.o
    0x08005518   0x00000434   Code   RO          532    .text               stm32f10x_adc.o
    0x0800594c   0x00000244   Code   RO          544    .text               stm32f10x_dma.o
    0x08005b90   0x000000f8   Code   RO          568    .text               misc.o
    0x08005c88   0x00000b64   Code   RO          580    .text               stm32f10x_tim.o
    0x080067ec   0x00000178   Code   RO          592    .text               stm32f10x_rtc.o
    0x08006964   0x000000c0   Code   RO          604    .text               stm32f10x_bkp.o
    0x08006a24   0x000000c8   Code   RO          616    .text               stm32f10x_pwr.o
    0x08006aec   0x00000160   Code   RO          628    .text               stm32f10x_exti.o
    0x08006c4c   0x00000378   Code   RO          640    .text               stm32f10x_usart.o
    0x08006fc4   0x000001d4   Code   RO          652    .text               stm32f10x_sdio.o
    0x08007198   0x00000124   Code   RO          674    .text               system_stm32f10x.o
    0x080072bc   0x000000ee   Code   RO          694    .text               c_w.l(lludivv7m.o)(c_w.l)
    0x080073aa   0x00000002   PAD
    0x080073ac   0x00000018   Code   RO          698    .text               c_w.l(noretval__2printf.o)(c_w.l)
    0x080073c4   0x00000050   Code   RO          702    .text               c_w.l(_printf_pad.o)(c_w.l)
    0x08007414   0x00000052   Code   RO          704    .text               c_w.l(_printf_str.o)(c_w.l)
    0x08007466   0x00000002   PAD
    0x08007468   0x00000074   Code   RO          706    .text               c_w.l(_printf_dec.o)(c_w.l)
    0x080074dc   0x0000011e   Code   RO          716    .text               c_w.l(__printf_wp.o)(c_w.l)
    0x080075fa   0x00000064   Code   RO          731    .text               c_w.l(rt_memcpy_w.o)(c_w.l)
    0x0800765e   0x0000004e   Code   RO          733    .text               c_w.l(rt_memclr_w.o)(c_w.l)
    0x080076ac   0x00000056   Code   RO          735    .text               c_w.l(strncpy.o)(c_w.l)
    0x08007702   0x00000006   Code   RO          737    .text               c_w.l(heapauxi.o)(c_w.l)
    0x08007708   0x000000b4   Code   RO          791    .text               c_w.l(_printf_intcommon.o)(c_w.l)
    0x080077bc   0x0000040e   Code   RO          793    .text               c_w.l(_printf_fp_dec.o)(c_w.l)
    0x08007bca   0x0000002c   Code   RO          795    .text               c_w.l(_printf_char.o)(c_w.l)
    0x08007bf6   0x00000002   PAD
    0x08007bf8   0x00000024   Code   RO          797    .text               c_w.l(_printf_char_file.o)(c_w.l)
    0x08007c1c   0x00000044   Code   RO          800    .text               c_w.l(rt_memclr.o)(c_w.l)
    0x08007c60   0x00000010   Code   RO          802    .text               c_w.l(rtudiv10.o)(c_w.l)
    0x08007c70   0x0000000c   Code   RO          840    .text               c_w.l(rt_locale_intlibspace.o)(c_w.l)
    0x08007c7c   0x0000008a   Code   RO          842    .text               c_w.l(lludiv10.o)(c_w.l)
    0x08007d06   0x00000002   PAD
    0x08007d08   0x00000030   Code   RO          844    .text               c_w.l(_printf_char_common.o)(c_w.l)
    0x08007d38   0x0000007c   Code   RO          846    .text               c_w.l(_printf_fp_infnan.o)(c_w.l)
    0x08007db4   0x000000ec   Code   RO          848    .text               c_w.l(bigflt0.o)(c_w.l)
    0x08007ea0   0x00000008   Code   RO          873    .text               c_w.l(ferror.o)(c_w.l)
    0x08007ea8   0x00000008   Code   RO          886    .text               c_w.l(libspace.o)(c_w.l)
    0x08007eb0   0x0000004a   Code   RO          889    .text               c_w.l(sys_stackheap_outer.o)(c_w.l)
    0x08007efa   0x0000000c   Code   RO          893    .text               c_w.l(exit.o)(c_w.l)
    0x08007f06   0x00000002   PAD
    0x08007f08   0x00000080   Code   RO          899    .text               c_w.l(strcmpv7m.o)(c_w.l)
    0x08007f88   0x0000000c   Code   RO          961    .text               c_w.l(sys_exit.o)(c_w.l)
    0x08007f94   0x0000000c   Code   RO          974    .text               c_w.l(rt_fp_status_addr_intlibspace.o)(c_w.l)
    0x08007fa0   0x00000002   Code   RO          988    .text               c_w.l(use_no_semi.o)(c_w.l)
    0x08007fa2   0x0000003e   Code   RO          851    CL$$btod_d2e        c_w.l(btod.o)(c_w.l)
    0x08007fe0   0x00000046   Code   RO          853    CL$$btod_d2e_denorm_low  c_w.l(btod.o)(c_w.l)
    0x08008026   0x00000060   Code   RO          852    CL$$btod_d2e_norm_op1  c_w.l(btod.o)(c_w.l)
    0x08008086   0x00000338   Code   RO          861    CL$$btod_div_common  c_w.l(btod.o)(c_w.l)
    0x080083be   0x000000c6   Code   RO          858    CL$$btod_e2e        c_w.l(btod.o)(c_w.l)
    0x08008484   0x00000028   Code   RO          855    CL$$btod_ediv       c_w.l(btod.o)(c_w.l)
    0x080084ac   0x00000028   Code   RO          854    CL$$btod_emul       c_w.l(btod.o)(c_w.l)
    0x080084d4   0x00000244   Code   RO          860    CL$$btod_mult_common  c_w.l(btod.o)(c_w.l)
    0x08008718   0x00000028   Code   RO          884    i.__ARM_fpclassify  m_ws.l(fpclassify.o)(m_ws.l)
    0x08008740   0x0000002c   Code   RO          878    locale$$code        c_w.l(lc_numeric_c.o)(c_w.l)
    0x0800876c   0x00000018   Code   RO          804    x$fpl$dcmpinf       fz_ws.l(dcmpi.o)(fz_ws.l)
    0x08008784   0x000002b0   Code   RO          742    x$fpl$ddiv          fz_ws.l(ddiv.o)(fz_ws.l)
    0x08008a34   0x00000078   Code   RO          745    x$fpl$deqf          fz_ws.l(deqf.o)(fz_ws.l)
    0x08008aac   0x0000005a   Code   RO          747    x$fpl$dfixu         fz_ws.l(dfixu.o)(fz_ws.l)
    0x08008b06   0x00000026   Code   RO          751    x$fpl$dfltu         fz_ws.l(dflt_clz.o)(fz_ws.l)
    0x08008b2c   0x00000078   Code   RO          757    x$fpl$dleqf         fz_ws.l(dleqf.o)(fz_ws.l)
    0x08008ba4   0x0000009c   Code   RO          806    x$fpl$dnaninf       fz_ws.l(dnaninf.o)(fz_ws.l)
    0x08008c40   0x0000000c   Code   RO          808    x$fpl$dretinf       fz_ws.l(dretinf.o)(fz_ws.l)
    0x08008c4c   0x0000006c   Code   RO          759    x$fpl$drleqf        fz_ws.l(drleqf.o)(fz_ws.l)
    0x08008cb8   0x00000056   Code   RO          761    x$fpl$f2d           fz_ws.l(f2d.o)(fz_ws.l)
    0x08008d0e   0x00000002   PAD
    0x08008d10   0x000000c4   Code   RO          763    x$fpl$fadd          fz_ws.l(faddsub_clz.o)(fz_ws.l)
    0x08008dd4   0x00000018   Code   RO          880    x$fpl$fcmpinf       fz_ws.l(fcmpi.o)(fz_ws.l)
    0x08008dec   0x00000036   Code   RO          769    x$fpl$ffix          fz_ws.l(ffix.o)(fz_ws.l)
    0x08008e22   0x00000002   PAD
    0x08008e24   0x00000030   Code   RO          774    x$fpl$fflt          fz_ws.l(fflt_clz.o)(fz_ws.l)
    0x08008e54   0x00000068   Code   RO          810    x$fpl$fleqf         fz_ws.l(fleqf.o)(fz_ws.l)
    0x08008ebc   0x00000102   Code   RO          779    x$fpl$fmul          fz_ws.l(fmul.o)(fz_ws.l)
    0x08008fbe   0x0000008c   Code   RO          812    x$fpl$fnaninf       fz_ws.l(fnaninf.o)(fz_ws.l)
    0x0800904a   0x0000000e   Code   RO          959    x$fpl$fpinit        fz_ws.l(fpinit.o)(fz_ws.l)
    0x08009058   0x0000000a   Code   RO          814    x$fpl$fretinf       fz_ws.l(fretinf.o)(fz_ws.l)
    0x08009062   0x00000062   Code   RO          781    x$fpl$frleqf        fz_ws.l(frleqf.o)(fz_ws.l)
    0x080090c4   0x000000ea   Code   RO          765    x$fpl$fsub          fz_ws.l(faddsub_clz.o)(fz_ws.l)
    0x080091ae   0x00000004   Code   RO          783    x$fpl$printf1       fz_ws.l(printf1.o)(fz_ws.l)
    0x080091b2   0x00000000   Code   RO          816    x$fpl$usenofp       fz_ws.l(usenofp.o)(fz_ws.l)
    0x080091b2   0x00000002   PAD
    0x080091b4   0x00000030   Data   RO          184    .constdata          tm_stm32f4_rtc.o
    0x080091e4   0x000000c8   Data   RO          459    .constdata          resources.o
    0x080092ac   0x00000008   Data   RO          489    .constdata          realmain.o
    0x080092b4   0x00000014   Data   RO          675    .constdata          system_stm32f10x.o
    0x080092c8   0x00000094   Data   RO          849    .constdata          c_w.l(bigflt0.o)(c_w.l)
    0x0800935c   0x00000020   Data   RO         1032    Region$$Table       anon$$obj.o
    0x0800937c   0x0000001c   Data   RO          877    locale$$data        c_w.l(lc_numeric_c.o)(c_w.l)


    Execution Region ER_RW (Base: 0x20000000, Size: 0x00000184, Max: 0xffffffff, ABSOLUTE, COMPRESSED[0x00000078])

    Base Addr    Size         Type   Attr      Idx    E Section Name        Object

    0x20000000   0x00000008   Data   RW           61    .data               debug_uart.o
    0x20000008   0x00000014   Data   RW          101    .data               tm_stm32f4_delay.o
    0x2000001c   0x00000004   Data   RW          147    .data               tm_stm32f4_onewire.o
    0x20000020   0x00000004   Data   RW          166    .data               tm_stm32f4_am2301.o
    0x20000024   0x00000058   Data   RW          185    .data               tm_stm32f4_rtc.o
    0x2000007c   0x00000004   Data   RW          218    .data               tm_stm32f4_gpio.o
    0x20000080   0x00000050   Data   RW          236    .data               tm_stm32f4_usart.o
    0x200000d0   0x00000019   Data   RW          369    .data               fatfs_sd_sdio.o
    0x200000e9   0x00000003   PAD
    0x200000ec   0x00000004   Data   RW          420    .data               stw_system_timer.o
    0x200000f0   0x00000070   Data   RW          460    .data               resources.o
    0x20000160   0x00000010   Data   RW          490    .data               realmain.o
    0x20000170   0x00000014   Data   RW          519    .data               stm32f10x_rcc.o


    Execution Region ER_ZI (Base: 0x20000184, Size: 0x000010bc, Max: 0xffffffff, ABSOLUTE)

    Base Addr    Size         Type   Attr      Idx    E Section Name        Object

    0x20000184   0x000000a0   Zero   RW          235    .bss                tm_stm32f4_usart.o
    0x20000224   0x00000004   PAD
    0x20000228   0x000000cc   Zero   RW          368    .bss                fatfs_sd_sdio.o
    0x200002f4   0x0000084c   Zero   RW          387    .bss                stw_timer.o
    0x20000b40   0x000003fc   Zero   RW          443    .bss                ipc.o
    0x20000f3c   0x00000034   Zero   RW          458    .bss                resources.o
    0x20000f70   0x00000070   Zero   RW          488    .bss                realmain.o
    0x20000fe0   0x00000060   Zero   RW          887    .bss                c_w.l(libspace.o)(c_w.l)
    0x20001040   0x00000000   Zero   RW            2    HEAP                startup_stm32f10x_hd.o
    0x20001040   0x00000200   Zero   RW            1    STACK               startup_stm32f10x_hd.o


==============================================================================

Image component sizes


      Code (inc. data)   RO Data    RW Data    ZI Data      Debug   Object Name

        36          6          0          8          0          0   debug_uart.o
         0          0          0          0          0          0   diskio.o
      7616        290          0         25        204          0   fatfs_sd_sdio.o
       332          6          0          0       1020          0   ipc.o
       248         30          0          0          0          0   misc.o
       812        116          8         16        112          0   realmain.o
      1612        276        200        112         52          0   resources.o
        72         26        304          0        512          0   startup_stm32f10x_hd.o
      1076         28          0          0          0          0   stm32f10x_adc.o
       192         32          0          0          0          0   stm32f10x_bkp.o
       580         26          0          0          0          0   stm32f10x_dma.o
       352         34          0          0          0          0   stm32f10x_exti.o
       812         18          0          0          0          0   stm32f10x_gpio.o
        26          0          0          0          0          0   stm32f10x_it.o
       200         16          0          0          0          0   stm32f10x_pwr.o
       928         52          0         20          0          0   stm32f10x_rcc.o
       376         32          0          0          0          0   stm32f10x_rtc.o
       468         52          0          0          0          0   stm32f10x_sdio.o
      2916         16          0          0          0          0   stm32f10x_tim.o
       888         14          0          0          0          0   stm32f10x_usart.o
       148          6          0          4          0          0   stw_system_timer.o
       992        236          0          0       2124          0   stw_timer.o
       292         18         20          0          0          0   system_stm32f10x.o
       936         30          0          0          0          0   tm_stm32f4_adc.o
       528         18          0          4          0          0   tm_stm32f4_am2301.o
       332         24          0         20          0          0   tm_stm32f4_delay.o
      1240          6          0          0          0          0   tm_stm32f4_ds18b20.o
         0          0          0          0          0          0   tm_stm32f4_fatfs.o
       308         32          0          4          0          0   tm_stm32f4_gpio.o
      1048          4          0          4          0          0   tm_stm32f4_onewire.o
      1768         52         48         88          0          0   tm_stm32f4_rtc.o
       632         28          0          0          0          0   tm_stm32f4_timer_properties.o
      1032         62          0         80        160          0   tm_stm32f4_usart.o

    ----------------------------------------------------------------------
     28800       1586        612        388       4188          0   Object Totals
         0          0         32          0          0          0   (incl. Generated)
         2          0          0          3          4          2   (incl. Padding)

    ----------------------------------------------------------------------

      Code (inc. data)   RO Data    RW Data    ZI Data      Debug   Library Member Name

        90          0          0          0          0          0   __dczerorl2.o
         8          0          0          0          0          0   __main.o
       286          0          0          0          0          0   __printf_wp.o
        52          8          0          0          0          0   __scatter.o
        28          0          0          0          0          0   __scatter_zi.o
        44          0          0          0          0          0   _printf_char.o
        48          6          0          0          0          0   _printf_char_common.o
        36          4          0          0          0          0   _printf_char_file.o
         6          0          0          0          0          0   _printf_d.o
       116         18          0          0          0          0   _printf_dec.o
         6          0          0          0          0          0   _printf_f.o
      1038          0          0          0          0          0   _printf_fp_dec.o
       124         16          0          0          0          0   _printf_fp_infnan.o
       180          0          0          0          0          0   _printf_intcommon.o
        80          0          0          0          0          0   _printf_pad.o
         0          0          0          0          0          0   _printf_percent.o
         4          0          0          0          0          0   _printf_percent_end.o
         6          0          0          0          0          0   _printf_s.o
        82          0          0          0          0          0   _printf_str.o
         6          0          0          0          0          0   _printf_u.o
       236          6        148          0          0          0   bigflt0.o
      1910        128          0          0          0          0   btod.o
        12          0          0          0          0          0   exit.o
         8          0          0          0          0          0   ferror.o
         6          0          0          0          0          0   heapauxi.o
        44         10         28          0          0          0   lc_numeric_c.o
         6          0          0          0          0          0   libinit.o
        18          0          0          0          0          0   libinit2.o
         2          0          0          0          0          0   libshutdown.o
         2          0          0          0          0          0   libshutdown2.o
         8          4          0          0         96          0   libspace.o
       138          0          0          0          0          0   lludiv10.o
       238          0          0          0          0          0   lludivv7m.o
        24          4          0          0          0          0   noretval__2printf.o
        12          4          0          0          0          0   rt_fp_status_addr_intlibspace.o
        12          4          0          0          0          0   rt_locale_intlibspace.o
        68          0          0          0          0          0   rt_memclr.o
        78          0          0          0          0          0   rt_memclr_w.o
       100          0          0          0          0          0   rt_memcpy_w.o
         0          0          0          0          0          0   rtentry.o
        12          0          0          0          0          0   rtentry2.o
         6          0          0          0          0          0   rtentry4.o
         2          0          0          0          0          0   rtexit.o
        10          0          0          0          0          0   rtexit2.o
        16          0          0          0          0          0   rtudiv10.o
       128          0          0          0          0          0   strcmpv7m.o
        86          0          0          0          0          0   strncpy.o
        12          4          0          0          0          0   sys_exit.o
        74          0          0          0          0          0   sys_stackheap_outer.o
         2          0          0          0          0          0   use_no_semi.o
        24          0          0          0          0          0   dcmpi.o
       688        140          0          0          0          0   ddiv.o
       120          4          0          0          0          0   deqf.o
        90          4          0          0          0          0   dfixu.o
        38          0          0          0          0          0   dflt_clz.o
       120          4          0          0          0          0   dleqf.o
       156          4          0          0          0          0   dnaninf.o
        12          0          0          0          0          0   dretinf.o
       108          0          0          0          0          0   drleqf.o
        86          4          0          0          0          0   f2d.o
       430          8          0          0          0          0   faddsub_clz.o
        24          0          0          0          0          0   fcmpi.o
        54          4          0          0          0          0   ffix.o
        48          0          0          0          0          0   fflt_clz.o
       104          4          0          0          0          0   fleqf.o
       258          4          0          0          0          0   fmul.o
       140          4          0          0          0          0   fnaninf.o
        14          0          0          0          0          0   fpinit.o
        10          0          0          0          0          0   fretinf.o
        98          0          0          0          0          0   frleqf.o
         4          0          0          0          0          0   printf1.o
         0          0          0          0          0          0   usenofp.o
        40          0          0          0          0          0   fpclassify.o

    ----------------------------------------------------------------------
      8196        400        176          0         96          0   Library Totals
        20          0          0          0          0          0   (incl. Padding)

    ----------------------------------------------------------------------

      Code (inc. data)   RO Data    RW Data    ZI Data      Debug   Library Name

      5510        216        176          0         96       3368   c_w.l
      2626        184          0          0          0       1868   fz_ws.l
        40          0          0          0          0         68   m_ws.l

    ----------------------------------------------------------------------
      8196        400        176          0         96          0   Library Totals

    ----------------------------------------------------------------------

==============================================================================


      Code (inc. data)   RO Data    RW Data    ZI Data      Debug   

     36996       1986        788        388       4284     461340   Grand Totals
     36996       1986        788        120       4284     461340   ELF Image Totals (compressed)
     36996       1986        788        120          0          0   ROM Totals

==============================================================================

    Total RO  Size (Code + RO Data)                37784 (  36.90kB)
    Total RW  Size (RW Data + ZI Data)              4672 (   4.56kB)
    Total ROM Size (Code + RO Data + RW Data)      37904 (  37.02kB)

==============================================================================

